Component: ARM Compiler 5.05 update 1 (build 106) Tool: armlink [4d0efa]

==============================================================================

Section Cross References

    startup_stm32f407xx.o(RESET) refers to startup_stm32f407xx.o(STACK) for __initial_sp
    startup_stm32f407xx.o(RESET) refers to startup_stm32f407xx.o(.text) for Reset_Handler
    startup_stm32f407xx.o(RESET) refers to stm32f4xx_it.o(i.NMI_Handler) for NMI_Handler
    startup_stm32f407xx.o(RESET) refers to stm32f4xx_it.o(i.HardFault_Handler) for HardFault_Handler
    startup_stm32f407xx.o(RESET) refers to stm32f4xx_it.o(i.MemManage_Handler) for MemManage_Handler
    startup_stm32f407xx.o(RESET) refers to stm32f4xx_it.o(i.BusFault_Handler) for BusFault_Handler
    startup_stm32f407xx.o(RESET) refers to stm32f4xx_it.o(i.UsageFault_Handler) for UsageFault_Handler
    startup_stm32f407xx.o(RESET) refers to stm32f4xx_it.o(i.SVC_Handler) for SVC_Handler
    startup_stm32f407xx.o(RESET) refers to stm32f4xx_it.o(i.DebugMon_Handler) for DebugMon_Handler
    startup_stm32f407xx.o(RESET) refers to stm32f4xx_it.o(i.PendSV_Handler) for PendSV_Handler
    startup_stm32f407xx.o(RESET) refers to stm32f4xx_it.o(i.SysTick_Handler) for SysTick_Handler
    startup_stm32f407xx.o(RESET) refers to stm32f4xx_it.o(i.TIM1_BRK_TIM9_IRQHandler) for TIM1_BRK_TIM9_IRQHandler
    startup_stm32f407xx.o(RESET) refers to stm32f4xx_it.o(i.USART1_IRQHandler) for USART1_IRQHandler
    startup_stm32f407xx.o(RESET) refers to stm32f4xx_it.o(i.USART2_IRQHandler) for USART2_IRQHandler
    startup_stm32f407xx.o(RESET) refers to stm32f4xx_it.o(i.USART3_IRQHandler) for USART3_IRQHandler
    startup_stm32f407xx.o(RESET) refers to stm32f4xx_it.o(i.UART5_IRQHandler) for UART5_IRQHandler
    startup_stm32f407xx.o(RESET) refers to stm32f4xx_it.o(i.TIM7_IRQHandler) for TIM7_IRQHandler
    startup_stm32f407xx.o(.text) refers to system_stm32f4xx.o(i.SystemInit) for SystemInit
    startup_stm32f407xx.o(.text) refers to entry.o(.ARM.Collect$$$$00000000) for __main
    main.o(i.MPU_Show) refers to inv_mpu.o(i.mpu_dmp_get_data) for mpu_dmp_get_data
    main.o(i.MPU_Show) refers to mpu6050.o(i.MPU_Get_Accelerometer) for MPU_Get_Accelerometer
    main.o(i.MPU_Show) refers to mpu6050.o(i.MPU_Get_Gyroscope) for MPU_Get_Gyroscope
    main.o(i.MPU_Show) refers to f2d.o(.text) for __aeabi_f2d
    main.o(i.MPU_Show) refers to printfa.o(i.__0printf) for __2printf
    main.o(i.MPU_Show) refers to oled.o(i.OLED_DisPlay_On) for OLED_DisPlay_On
    main.o(i.MPU_Show) refers to main.o(.data) for .data
    main.o(i.OLED_Show) refers to oled.o(i.OLED_ShowString) for OLED_ShowString
    main.o(i.OLED_Show) refers to oled.o(i.OLED_ShowNum) for OLED_ShowNum
    main.o(i.OLED_Show) refers to main.o(.bss) for .bss
    main.o(i.Rx_control) refers to motor.o(i.Tim_setCompare) for Tim_setCompare
    main.o(i.Rx_control) refers to motor.o(i.Direction_forward) for Direction_forward
    main.o(i.Rx_control) refers to motor.o(i.Direction_left) for Direction_left
    main.o(i.Rx_control) refers to motor.o(i.Direction_right) for Direction_right
    main.o(i.Rx_control) refers to stm32f4xx_hal.o(i.HAL_Delay) for HAL_Delay
    main.o(i.Rx_control) refers to main.o(.data) for .data
    main.o(i.SystemClock_Config) refers to memseta.o(.text) for __aeabi_memclr4
    main.o(i.SystemClock_Config) refers to stm32f4xx_hal_rcc.o(i.HAL_RCC_OscConfig) for HAL_RCC_OscConfig
    main.o(i.SystemClock_Config) refers to stm32f4xx_hal_rcc.o(i.HAL_RCC_ClockConfig) for HAL_RCC_ClockConfig
    main.o(i.calc_motor_rotate_speed) refers to main.o(i.read_encoder) for read_encoder
    main.o(i.calc_motor_rotate_speed) refers to f2d.o(.text) for __aeabi_f2d
    main.o(i.calc_motor_rotate_speed) refers to ddiv.o(.text) for __aeabi_ddiv
    main.o(i.calc_motor_rotate_speed) refers to dmul.o(.text) for __aeabi_dmul
    main.o(i.calc_motor_rotate_speed) refers to cdrcmple.o(.text) for __aeabi_cdrcmple
    main.o(i.calc_motor_rotate_speed) refers to d2f.o(.text) for __aeabi_d2f
    main.o(i.calc_motor_rotate_speed) refers to printfa.o(i.__0printf) for __2printf
    main.o(i.calc_motor_rotate_speed) refers to main.o(.bss) for .bss
    main.o(i.distance_judge) refers to motor.o(i.Tim_setCompare) for Tim_setCompare
    main.o(i.distance_judge) refers to stm32f4xx_hal.o(i.HAL_Delay) for HAL_Delay
    main.o(i.distance_judge) refers to main.o(.data) for .data
    main.o(i.gases_start_signal) refers to stm32f4xx_hal_gpio.o(i.HAL_GPIO_WritePin) for HAL_GPIO_WritePin
    main.o(i.gases_start_signal) refers to main.o(i.Delay_us) for Delay_us
    main.o(i.main) refers to stm32f4xx_hal.o(i.HAL_Init) for HAL_Init
    main.o(i.main) refers to main.o(i.SystemClock_Config) for SystemClock_Config
    main.o(i.main) refers to gpio.o(i.MX_GPIO_Init) for MX_GPIO_Init
    main.o(i.main) refers to tim.o(i.MX_TIM1_Init) for MX_TIM1_Init
    main.o(i.main) refers to tim.o(i.MX_TIM3_Init) for MX_TIM3_Init
[...]
    i.UART_EndRxTransfer                     0x08003fbc   Section        0  stm32f4xx_hal_uart.o(i.UART_EndRxTransfer)
    UART_EndRxTransfer                       0x08003fbd   Thumb Code    78  stm32f4xx_hal_uart.o(i.UART_EndRxTransfer)
    i.UART_Receive_IT                        0x0800400a   Section        0  stm32f4xx_hal_uart.o(i.UART_Receive_IT)
    UART_Receive_IT                          0x0800400b   Thumb Code   192  stm32f4xx_hal_uart.o(i.UART_Receive_IT)
    i.UART_SetConfig                         0x080040cc   Section        0  stm32f4xx_hal_uart.o(i.UART_SetConfig)
    UART_SetConfig                           0x080040cd   Thumb Code   258  stm32f4xx_hal_uart.o(i.UART_SetConfig)
    i.UART_WaitOnFlagUntilTimeout            0x080041d8   Section        0  stm32f4xx_hal_uart.o(i.UART_WaitOnFlagUntilTimeout)
    UART_WaitOnFlagUntilTimeout              0x080041d9   Thumb Code   120  stm32f4xx_hal_uart.o(i.UART_WaitOnFlagUntilTimeout)
    i.USART1_IRQHandler                      0x08004250   Section        0  stm32f4xx_it.o(i.USART1_IRQHandler)
    i.USART2_IRQHandler                      0x0800425c   Section        0  stm32f4xx_it.o(i.USART2_IRQHandler)
    i.USART3_IRQHandler                      0x08004268   Section        0  stm32f4xx_it.o(i.USART3_IRQHandler)
    i.UsageFault_Handler                     0x08004274   Section        0  stm32f4xx_it.o(i.UsageFault_Handler)
    i.__0printf                              0x08004278   Section        0  printfa.o(i.__0printf)
    i.__ARM_fpclassify                       0x08004298   Section        0  fpclassify.o(i.__ARM_fpclassify)
    i.__NVIC_SetPriority                     0x080042c8   Section        0  stm32f4xx_hal_cortex.o(i.__NVIC_SetPriority)
    __NVIC_SetPriority                       0x080042c9   Thumb Code    32  stm32f4xx_hal_cortex.o(i.__NVIC_SetPriority)
    i.__hardfp_asin                          0x080042e8   Section        0  asin.o(i.__hardfp_asin)
    i.__hardfp_atan                          0x08004648   Section        0  atan.o(i.__hardfp_atan)
    i.__hardfp_atan2                         0x08004920   Section        0  atan2.o(i.__hardfp_atan2)
    i.__kernel_poly                          0x08004b10   Section        0  poly.o(i.__kernel_poly)
    i.__mathlib_dbl_infnan                   0x08004c08   Section        0  dunder.o(i.__mathlib_dbl_infnan)
    i.__mathlib_dbl_infnan2                  0x08004c1c   Section        0  dunder.o(i.__mathlib_dbl_infnan2)
    i.__mathlib_dbl_invalid                  0x08004c30   Section        0  dunder.o(i.__mathlib_dbl_invalid)
    i.__mathlib_dbl_underflow                0x08004c50   Section        0  dunder.o(i.__mathlib_dbl_underflow)
    i.__scatterload_copy                     0x08004c70   Section       14  handlers.o(i.__scatterload_copy)
    i.__scatterload_null                     0x08004c7e   Section        2  handlers.o(i.__scatterload_null)
    i.__scatterload_zeroinit                 0x08004c80   Section       14  handlers.o(i.__scatterload_zeroinit)
    i.__set_errno                            0x08004c90   Section        0  errno.o(i.__set_errno)
    i._fp_digits                             0x08004c9c   Section        0  printfa.o(i._fp_digits)
    _fp_digits                               0x08004c9d   Thumb Code   334  printfa.o(i._fp_digits)
    i._printf_core                           0x08004e00   Section        0  printfa.o(i._printf_core)
    _printf_core                             0x08004e01   Thumb Code  1744  printfa.o(i._printf_core)
    i._printf_post_padding                   0x080054dc   Section        0  printfa.o(i._printf_post_padding)
    _printf_post_padding                     0x080054dd   Thumb Code    36  printfa.o(i._printf_post_padding)
    i._printf_pre_padding                    0x08005500   Section        0  printfa.o(i._printf_pre_padding)
    _printf_pre_padding                      0x08005501   Thumb Code    46  printfa.o(i._printf_pre_padding)
    i.accel_self_test                        0x08005530   Section        0  inv_mpu.o(i.accel_self_test)
    accel_self_test                          0x08005531   Thumb Code   126  inv_mpu.o(i.accel_self_test)
    i.atan                                   0x080055c0   Section        0  atan.o(i.atan)
    i.calc_motor_rotate_speed                0x080055d0   Section        0  main.o(i.calc_motor_rotate_speed)
    i.distance_judge                         0x0800590c   Section        0  main.o(i.distance_judge)
    i.dmp_enable_6x_lp_quat                  0x08005934   Section        0  inv_mpu_dmp_motion_driver.o(i.dmp_enable_6x_lp_quat)
    i.dmp_enable_feature                     0x08005970   Section        0  inv_mpu_dmp_motion_driver.o(i.dmp_enable_feature)
    i.dmp_enable_gyro_cal                    0x08005b48   Section        0  inv_mpu_dmp_motion_driver.o(i.dmp_enable_gyro_cal)
    i.dmp_enable_lp_quat                     0x08005b84   Section        0  inv_mpu_dmp_motion_driver.o(i.dmp_enable_lp_quat)
    i.dmp_load_motion_driver_firmware        0x08005bc0   Section        0  inv_mpu_dmp_motion_driver.o(i.dmp_load_motion_driver_firmware)
    i.dmp_read_fifo                          0x08005bd4   Section        0  inv_mpu_dmp_motion_driver.o(i.dmp_read_fifo)
    i.dmp_set_accel_bias                     0x08005d1c   Section        0  inv_mpu_dmp_motion_driver.o(i.dmp_set_accel_bias)
    i.dmp_set_fifo_rate                      0x08005df4   Section        0  inv_mpu_dmp_motion_driver.o(i.dmp_set_fifo_rate)
    i.dmp_set_gyro_bias                      0x08005e58   Section        0  inv_mpu_dmp_motion_driver.o(i.dmp_set_gyro_bias)
    i.dmp_set_orientation                    0x08005f24   Section        0  inv_mpu_dmp_motion_driver.o(i.dmp_set_orientation)
    i.dmp_set_shake_reject_thresh            0x08006030   Section        0  inv_mpu_dmp_motion_driver.o(i.dmp_set_shake_reject_thresh)
    i.dmp_set_shake_reject_time              0x08006060   Section        0  inv_mpu_dmp_motion_driver.o(i.dmp_set_shake_reject_time)
    i.dmp_set_shake_reject_timeout           0x08006080   Section        0  inv_mpu_dmp_motion_driver.o(i.dmp_set_shake_reject_timeout)
    i.dmp_set_tap_axes                       0x080060a0   Section        0  inv_mpu_dmp_motion_driver.o(i.dmp_set_tap_axes)
    i.dmp_set_tap_count                      0x080060e0   Section        0  inv_mpu_dmp_motion_driver.o(i.dmp_set_tap_count)
    i.dmp_set_tap_thresh                     0x08006104   Section        0  inv_mpu_dmp_motion_driver.o(i.dmp_set_tap_thresh)
    i.dmp_set_tap_time                       0x08006264   Section        0  inv_mpu_dmp_motion_driver.o(i.dmp_set_tap_time)
    i.dmp_set_tap_time_multi                 0x08006284   Section        0  inv_mpu_dmp_motion_driver.o(i.dmp_set_tap_time_multi)
    i.fabs                                   0x080062a4   Section        0  fabs.o(i.fabs)
    i.fputc                                  0x080062bc   Section        0  usart.o(i.fputc)
    i.gases_start_signal                     0x080062d0   Section        0  main.o(i.gases_start_signal)
    i.get_accel_prod_shift                   0x080062f8   Section        0  inv_mpu.o(i.get_accel_prod_shift)
    get_accel_prod_shift                     0x080062f9   Thumb Code   164  inv_mpu.o(i.get_accel_prod_shift)
    i.get_st_biases                          0x080063ac   Section        0  inv_mpu.o(i.get_st_biases)
    get_st_biases                            0x080063ad   Thumb Code   784  inv_mpu.o(i.get_st_biases)
    i.gyro_self_test                         0x080066c0   Section        0  inv_mpu.o(i.gyro_self_test)
    gyro_self_test                           0x080066c1   Thumb Code   190  inv_mpu.o(i.gyro_self_test)
    i.inv_orientation_matrix_to_scalar       0x08006794   Section        0  inv_mpu.o(i.inv_orientation_matrix_to_scalar)
    i.inv_row_2_scale                        0x080067b6   Section        0  inv_mpu.o(i.inv_row_2_scale)
    i.main                                   0x08006800   Section        0  main.o(i.main)
    i.mget_ms                                0x080069c4   Section        0  inv_mpu.o(i.mget_ms)
    i.mpu_configure_fifo                     0x080069c8   Section        0  inv_mpu.o(i.mpu_configure_fifo)
    i.mpu_dmp_get_data                       0x08006a1c   Section        0  inv_mpu.o(i.mpu_dmp_get_data)
    i.mpu_dmp_init                           0x08006b94   Section        0  inv_mpu.o(i.mpu_dmp_init)
    i.mpu_get_accel_fsr                      0x08006c48   Section        0  inv_mpu.o(i.mpu_get_accel_fsr)
    i.mpu_get_accel_sens                     0x08006c84   Section        0  inv_mpu.o(i.mpu_get_accel_sens)
    i.mpu_get_gyro_fsr                       0x08006cc8   Section        0  inv_mpu.o(i.mpu_get_gyro_fsr)
    i.mpu_get_gyro_sens                      0x08006cfc   Section        0  inv_mpu.o(i.mpu_get_gyro_sens)
    i.mpu_get_lpf                            0x08006d48   Section        0  inv_mpu.o(i.mpu_get_lpf)
    i.mpu_get_sample_rate                    0x08006d80   Section        0  inv_mpu.o(i.mpu_get_sample_rate)
    i.mpu_init                               0x08006d9c   Section        0  inv_mpu.o(i.mpu_init)
    i.mpu_load_firmware                      0x08006f24   Section        0  inv_mpu.o(i.mpu_load_firmware)
    i.mpu_lp_accel_mode                      0x08006fc4   Section        0  inv_mpu.o(i.mpu_lp_accel_mode)
    i.mpu_read_fifo_stream                   0x0800707c   Section        0  inv_mpu.o(i.mpu_read_fifo_stream)
    i.mpu_read_mem                           0x0800710c   Section        0  inv_mpu.o(i.mpu_read_mem)
    i.mpu_reset_fifo                         0x08007160   Section        0  inv_mpu.o(i.mpu_reset_fifo)
    i.mpu_run_self_test                      0x080072c0   Section        0  inv_mpu.o(i.mpu_run_self_test)
    i.mpu_set_accel_fsr                      0x080073b0   Section        0  inv_mpu.o(i.mpu_set_accel_fsr)
    i.mpu_set_bypass                         0x08007418   Section        0  inv_mpu.o(i.mpu_set_bypass)
    i.mpu_set_dmp_state                      0x080074f4   Section        0  inv_mpu.o(i.mpu_set_dmp_state)
    i.mpu_set_gyro_fsr                       0x0800756c   Section        0  inv_mpu.o(i.mpu_set_gyro_fsr)
    i.mpu_set_int_latched                    0x080075d8   Section        0  inv_mpu.o(i.mpu_set_int_latched)
    i.mpu_set_lpf                            0x0800763c   Section        0  inv_mpu.o(i.mpu_set_lpf)
    i.mpu_set_sample_rate                    0x080076a8   Section        0  inv_mpu.o(i.mpu_set_sample_rate)
    i.mpu_set_sensors                        0x08007728   Section        0  inv_mpu.o(i.mpu_set_sensors)
    i.mpu_write_mem                          0x080077e0   Section        0  inv_mpu.o(i.mpu_write_mem)
    i.read_encoder                           0x08007834   Section        0  main.o(i.read_encoder)
    read_encoder                             0x08007835   Thumb Code    64  main.o(i.read_encoder)
    i.run_self_test                          0x08007898   Section        0  inv_mpu.o(i.run_self_test)
    i.sensor_control                         0x08007920   Section        0  main.o(i.sensor_control)
    i.set_int_enable                         0x08007a6c   Section        0  inv_mpu.o(i.set_int_enable)
    set_int_enable                           0x08007a6d   Thumb Code    84  inv_mpu.o(i.set_int_enable)
    i.sqrt                                   0x08007ac4   Section        0  sqrt.o(i.sqrt)
    i.tx_delay_ms                            0x08007b34   Section        0  main.o(i.tx_delay_ms)
    .constdata                               0x08007b50   Section       16  system_stm32f4xx.o(.constdata)
    .constdata                               0x08007b60   Section        8  system_stm32f4xx.o(.constdata)
    .constdata                               0x08007b68   Section     7696  oled.o(.constdata)
    .constdata                               0x08009978   Section       27  inv_mpu.o(.constdata)
    .constdata                               0x08009994   Section       12  inv_mpu.o(.constdata)
    .constdata                               0x080099a0   Section       40  inv_mpu.o(.constdata)
    .constdata                               0x080099c8   Section     3062  inv_mpu_dmp_motion_driver.o(.constdata)
    dmp_memory                               0x080099c8   Data        3062  inv_mpu_dmp_motion_driver.o(.constdata)
    .constdata                               0x0800a5c0   Section       80  asin.o(.constdata)
    pS                                       0x0800a5c0   Data          48  asin.o(.constdata)
    qS                                       0x0800a5f0   Data          32  asin.o(.constdata)
    .constdata                               0x0800a610   Section      152  atan.o(.constdata)
    atanhi                                   0x0800a610   Data          32  atan.o(.constdata)
    atanlo                                   0x0800a630   Data          32  atan.o(.constdata)
    aTodd                                    0x0800a650   Data          40  atan.o(.constdata)
    aTeven                                   0x0800a678   Data          48  atan.o(.constdata)
    .constdata                               0x0800a6a8   Section        8  qnan.o(.constdata)
    .conststring                             0x0800a6b0   Section       77  inv_mpu.o(.conststring)
    .data                                    0x20000000   Section       48  main.o(.data)
    .data                                    0x20000030   Section        8  tim.o(.data)
    .data                                    0x20000038   Section       12  stm32f4xx_hal.o(.data)
    .data                                    0x20000044   Section        4  system_stm32f4xx.o(.data)
    .data                                    0x20000048   Section       53  inv_mpu.o(.data)
    st                                       0x20000048   Data          44  inv_mpu.o(.data)
    gyro_orientation                         0x20000074   Data           9  inv_mpu.o(.data)
    .data                                    0x20000080   Section        4  stdout.o(.data)
    .data                                    0x20000084   Section        4  errno.o(.data)
    _errno                                   0x20000084   Data           4  errno.o(.data)
    .bss                                     0x20000088   Section      192  main.o(.bss)
    .bss                                     0x20000148   Section       84  i2c.o(.bss)
    .bss                                     0x2000019c   Section      504  tim.o(.bss)
    .bss                                     0x20000394   Section      272  usart.o(.bss)
    .bss                                     0x200004a4   Section     1152  oled.o(.bss)
    .bss                                     0x20000924   Section       16  inv_mpu_dmp_motion_driver.o(.bss)
    dmp                                      0x20000924   Data          16  inv_mpu_dmp_motion_driver.o(.bss)
    STACK                                    0x20000938   Section     1024  startup_stm32f407xx.o(STACK)

    Global Symbols

    Symbol Name                              Value     Ov Type        Size  Object(Section)

    BuildAttributes$$THM_ISAv4$E$P$D$K$B$S$7EM$VFPi3$EXTD16$VFPS$VFMA$PE$A:L22UL41UL21$X:L11$S22US41US21$IEEE1$IW$USESV6$~STKCKD$USESV7$~SHL$OTIME$ROPI$IEEEX$EBA8$MICROLIB$REQ8$PRES8$EABIv2 0x00000000   Number         0  anon$$obj.o ABSOLUTE
    __ARM_use_no_argv                        0x00000000   Number         0  main.o ABSOLUTE
    _printf_a                                0x00000000   Number         0  stubs.o ABSOLUTE
    _printf_c                                0x00000000   Number         0  stubs.o ABSOLUTE
    _printf_charcount                        0x00000000   Number         0  stubs.o ABSOLUTE
    _printf_d                                0x00000000   Number         0  stubs.o ABSOLUTE
    _printf_e                                0x00000000   Number         0  stubs.o ABSOLUTE
    _printf_f                                0x00000000   Number         0  stubs.o ABSOLUTE
    _printf_flags                            0x00000000   Number         0  stubs.o ABSOLUTE
    _printf_fp_dec                           0x00000000   Number         0  stubs.o ABSOLUTE
    _printf_fp_hex                           0x00000000   Number         0  stubs.o ABSOLUTE
    _printf_g                                0x00000000   Number         0  stubs.o ABSOLUTE
    _printf_i                                0x00000000   Number         0  stubs.o ABSOLUTE
    _printf_int_dec                          0x00000000   Number         0  stubs.o ABSOLUTE
    _printf_l                                0x00000000   Number         0  stubs.o ABSOLUTE
    _printf_lc                               0x00000000   Number         0  stubs.o ABSOLUTE
    _printf_ll                               0x00000000   Number         0  stubs.o ABSOLUTE
    _printf_lld                              0x00000000   Number         0  stubs.o ABSOLUTE
    _printf_lli                              0x00000000   Number         0  stubs.o ABSOLUTE
    _printf_llo                              0x00000000   Number         0  stubs.o ABSOLUTE
    _printf_llu                              0x00000000   Number         0  stubs.o ABSOLUTE
    _printf_llx                              0x00000000   Number         0  stubs.o ABSOLUTE
    _printf_longlong_dec                     0x00000000   Number         0  stubs.o ABSOLUTE
    _printf_longlong_hex                     0x00000000   Number         0  stubs.o ABSOLUTE
    _printf_longlong_oct                     0x00000000   Number         0  stubs.o ABSOLUTE
    _printf_ls                               0x00000000   Number         0  stubs.o ABSOLUTE
    _printf_mbtowc                           0x00000000   Number         0  stubs.o ABSOLUTE
    _printf_n                                0x00000000   Number         0  stubs.o ABSOLUTE
    _printf_o                                0x00000000   Number         0  stubs.o ABSOLUTE
    _printf_p                                0x00000000   Number         0  stubs.o ABSOLUTE
    _printf_percent                          0x00000000   Number         0  stubs.o ABSOLUTE
    _printf_pre_padding                      0x00000000   Number         0  stubs.o ABSOLUTE
    _printf_return_value                     0x00000000   Number         0  stubs.o ABSOLUTE
    _printf_s                                0x00000000   Number         0  stubs.o ABSOLUTE
    _printf_sizespec                         0x00000000   Number         0  stubs.o ABSOLUTE
    _printf_str                              0x00000000   Number         0  stubs.o ABSOLUTE
    _printf_truncate_signed                  0x00000000   Number         0  stubs.o ABSOLUTE
    _printf_truncate_unsigned                0x00000000   Number         0  stubs.o ABSOLUTE
    _printf_u                                0x00000000   Number         0  stubs.o ABSOLUTE
    _printf_wc                               0x00000000   Number         0  stubs.o ABSOLUTE
    _printf_wctomb                           0x00000000   Number         0  stubs.o ABSOLUTE
    _printf_widthprec                        0x00000000   Number         0  stubs.o ABSOLUTE
    _printf_x                                0x00000000   Number         0  stubs.o ABSOLUTE
    __cpp_initialize__aeabi_                  - Undefined Weak Reference
    __cxa_finalize                            - Undefined Weak Reference
    __decompress                              - Undefined Weak Reference
    _clock_init                               - Undefined Weak Reference
    _microlib_exit                            - Undefined Weak Reference
    __Vectors_Size                           0x00000188   Number         0  startup_stm32f407xx.o ABSOLUTE
    __Vectors                                0x08000000   Data           4  startup_stm32f407xx.o(RESET)
    __Vectors_End                            0x08000188   Data           0  startup_stm32f407xx.o(RESET)
    __main                                   0x08000189   Thumb Code     0  entry.o(.ARM.Collect$$$$00000000)
    _main_stk                                0x08000189   Thumb Code     0  entry2.o(.ARM.Collect$$$$00000001)
    _main_scatterload                        0x0800018d   Thumb Code     0  entry5.o(.ARM.Collect$$$$00000004)
    __main_after_scatterload                 0x08000191   Thumb Code     0  entry5.o(.ARM.Collect$$$$00000004)
    _main_clock                              0x08000191   Thumb Code     0  entry7b.o(.ARM.Collect$$$$00000008)
    _main_cpp_init                           0x08000191   Thumb Code     0  entry8b.o(.ARM.Collect$$$$0000000A)
    _main_init                               0x08000191   Thumb Code     0  entry9a.o(.ARM.Collect$$$$0000000B)
    __rt_final_cpp                           0x08000199   Thumb Code     0  entry10a.o(.ARM.Collect$$$$0000000D)
    __rt_final_exit                          0x08000199   Thumb Code     0  entry11a.o(.ARM.Collect$$$$0000000F)
    Reset_Handler                            0x0800019d   Thumb Code     8  startup_stm32f407xx.o(.text)
    ADC_IRQHandler                           0x080001b7   Thumb Code     0  startup_stm32f407xx.o(.text)
    CAN1_RX0_IRQHandler                      0x080001b7   Thumb Code     0  startup_stm32f407xx.o(.text)
    CAN1_RX1_IRQHandler                      0x080001b7   Thumb Code     0  startup_stm32f407xx.o(.text)
    CAN1_SCE_IRQHandler                      0x080001b7   Thumb Code     0  startup_stm32f407xx.o(.text)
    CAN1_TX_IRQHandler                       0x080001b7   Thumb Code     0  startup_stm32f407xx.o(.text)
    CAN2_RX0_IRQHandler                      0x080001b7   Thumb Code     0  startup_stm32f407xx.o(.text)
    CAN2_RX1_IRQHandler                      0x080001b7   Thumb Code     0  startup_stm32f407xx.o(.text)
    CAN2_SCE_IRQHandler                      0x080001b7   Thumb Code     0  startup_stm32f407xx.o(.text)
    CAN2_TX_IRQHandler                       0x080001b7   Thumb Code     0  startup_stm32f407xx.o(.text)
    DCMI_IRQHandler                          0x080001b7   Thumb Code     0  startup_stm32f407xx.o(.text)
    DMA1_Stream0_IRQHandler                  0x080001b7   Thumb Code     0  startup_stm32f407xx.o(.text)
    DMA1_Stream1_IRQHandler                  0x080001b7   Thumb Code     0  startup_stm32f407xx.o(.text)
    DMA1_Stream2_IRQHandler                  0x080001b7   Thumb Code     0  startup_stm32f407xx.o(.text)
    DMA1_Stream3_IRQHandler                  0x080001b7   Thumb Code     0  startup_stm32f407xx.o(.text)
    DMA1_Stream4_IRQHandler                  0x080001b7   Thumb Code     0  startup_stm32f407xx.o(.text)
    DMA1_Stream5_IRQHandler                  0x080001b7   Thumb Code     0  startup_stm32f407xx.o(.text)
    DMA1_Stream6_IRQHandler                  0x080001b7   Thumb Code     0  startup_stm32f407xx.o(.text)
    DMA1_Stream7_IRQHandler                  0x080001b7   Thumb Code     0  startup_stm32f407xx.o(.text)
    DMA2_Stream0_IRQHandler                  0x080001b7   Thumb Code     0  startup_stm32f407xx.o(.text)
    DMA2_Stream1_IRQHandler                  0x080001b7   Thumb Code     0  startup_stm32f407xx.o(.text)
    DMA2_Stream2_IRQHandler                  0x080001b7   Thumb Code     0  startup_stm32f407xx.o(.text)
    DMA2_Stream3_IRQHandler                  0x080001b7   Thumb Code     0  startup_stm32f407xx.o(.text)
    DMA2_Stream4_IRQHandler                  0x080001b7   Thumb Code     0  startup_stm32f407xx.o(.text)
    DMA2_Stream5_IRQHandler                  0x080001b7   Thumb Code     0  startup_stm32f407xx.o(.text)
    DMA2_Stream6_IRQHandler                  0x080001b7   Thumb Code     0  startup_stm32f407xx.o(.text)
    DMA2_Stream7_IRQHandler                  0x080001b7   Thumb Code     0  startup_stm32f407xx.o(.text)
    ETH_IRQHandler                           0x080001b7   Thumb Code     0  startup_stm32f407xx.o(.text)
    ETH_WKUP_IRQHandler                      0x080001b7   Thumb Code     0  startup_stm32f407xx.o(.text)
    EXTI0_IRQHandler                         0x080001b7   Thumb Code     0  startup_stm32f407xx.o(.text)
    EXTI15_10_IRQHandler                     0x080001b7   Thumb Code     0  startup_stm32f407xx.o(.text)
    EXTI1_IRQHandler                         0x080001b7   Thumb Code     0  startup_stm32f407xx.o(.text)
    EXTI2_IRQHandler                         0x080001b7   Thumb Code     0  startup_stm32f407xx.o(.text)
    EXTI3_IRQHandler                         0x080001b7   Thumb Code     0  startup_stm32f407xx.o(.text)
    EXTI4_IRQHandler                         0x080001b7   Thumb Code     0  startup_stm32f407xx.o(.text)
    EXTI9_5_IRQHandler                       0x080001b7   Thumb Code     0  startup_stm32f407xx.o(.text)
    FLASH_IRQHandler                         0x080001b7   Thumb Code     0  startup_stm32f407xx.o(.text)
    FMC_IRQHandler                           0x080001b7   Thumb Code     0  startup_stm32f407xx.o(.text)
    FPU_IRQHandler                           0x080001b7   Thumb Code     0  startup_stm32f407xx.o(.text)
    HASH_RNG_IRQHandler                      0x080001b7   Thumb Code     0  startup_stm32f407xx.o(.text)
    I2C1_ER_IRQHandler                       0x080001b7   Thumb Code     0  startup_stm32f407xx.o(.text)
    I2C1_EV_IRQHandler                       0x080001b7   Thumb Code     0  startup_stm32f407xx.o(.text)
    I2C2_ER_IRQHandler                       0x080001b7   Thumb Code     0  startup_stm32f407xx.o(.text)
    I2C2_EV_IRQHandler                       0x080001b7   Thumb Code     0  startup_stm32f407xx.o(.text)
    I2C3_ER_IRQHandler                       0x080001b7   Thumb Code     0  startup_stm32f407xx.o(.text)
    I2C3_EV_IRQHandler                       0x080001b7   Thumb Code     0  startup_stm32f407xx.o(.text)
    OTG_FS_IRQHandler                        0x080001b7   Thumb Code     0  startup_stm32f407xx.o(.text)
    OTG_FS_WKUP_IRQHandler                   0x080001b7   Thumb Code     0  startup_stm32f407xx.o(.text)
    OTG_HS_EP1_IN_IRQHandler                 0x080001b7   Thumb Code     0  startup_stm32f407xx.o(.text)
    OTG_HS_EP1_OUT_IRQHandler                0x080001b7   Thumb Code     0  startup_stm32f407xx.o(.text)
    OTG_HS_IRQHandler                        0x080001b7   Thumb Code     0  startup_stm32f407xx.o(.text)
    OTG_HS_WKUP_IRQHandler                   0x080001b7   Thumb Code     0  startup_stm32f407xx.o(.text)
    PVD_IRQHandler                           0x080001b7   Thumb Code     0  startup_stm32f407xx.o(.text)
    RCC_IRQHandler                           0x080001b7   Thumb Code     0  startup_stm32f407xx.o(.text)
    RTC_Alarm_IRQHandler                     0x080001b7   Thumb Code     0  startup_stm32f407xx.o(.text)
    RTC_WKUP_IRQHandler                      0x080001b7   Thumb Code     0  startup_stm32f407xx.o(.text)
    SDIO_IRQHandler                          0x080001b7   Thumb Code     0  startup_stm32f407xx.o(.text)
    SPI1_IRQHandler                          0x080001b7   Thumb Code     0  startup_stm32f407xx.o(.text)
    SPI2_IRQHandler                          0x080001b7   Thumb Code     0  startup_stm32f407xx.o(.text)
    SPI3_IRQHandler                          0x080001b7   Thumb Code     0  startup_stm32f407xx.o(.text)
    TAMP_STAMP_IRQHandler                    0x080001b7   Thumb Code     0  startup_stm32f407xx.o(.text)
    TIM1_CC_IRQHandler                       0x080001b7   Thumb Code     0  startup_stm32f407xx.o(.text)
    TIM1_TRG_COM_TIM11_IRQHandler            0x080001b7   Thumb Code     0  startup_stm32f407xx.o(.text)
    TIM1_UP_TIM10_IRQHandler                 0x080001b7   Thumb Code     0  startup_stm32f407xx.o(.text)
    TIM2_IRQHandler                          0x080001b7   Thumb Code     0  startup_stm32f407xx.o(.text)
    TIM3_IRQHandler                          0x080001b7   Thumb Code     0  startup_stm32f407xx.o(.text)
    TIM4_IRQHandler                          0x080001b7   Thumb Code     0  startup_stm32f407xx.o(.text)
    TIM5_IRQHandler                          0x080001b7   Thumb Code     0  startup_stm32f407xx.o(.text)
    TIM6_DAC_IRQHandler                      0x080001b7   Thumb Code     0  startup_stm32f407xx.o(.text)
    TIM8_BRK_TIM12_IRQHandler                0x080001b7   Thumb Code     0  startup_stm32f407xx.o(.text)
    TIM8_CC_IRQHandler                       0x080001b7   Thumb Code     0  startup_stm32f407xx.o(.text)
    TIM8_TRG_COM_TIM14_IRQHandler            0x080001b7   Thumb Code     0  startup_stm32f407xx.o(.text)
    TIM8_UP_TIM13_IRQHandler                 0x080001b7   Thumb Code     0  startup_stm32f407xx.o(.text)
    UART4_IRQHandler                         0x080001b7   Thumb Code     0  startup_stm32f407xx.o(.text)
    USART6_IRQHandler                        0x080001b7   Thumb Code     0  startup_stm32f407xx.o(.text)
    WWDG_IRQHandler                          0x080001b7   Thumb Code     0  startup_stm32f407xx.o(.text)
    __aeabi_uldivmod                         0x080001c1   Thumb Code    98  uldiv.o(.text)
    __aeabi_ldivmod                          0x08000223   Thumb Code    98  ldiv.o(.text)
    __aeabi_memset                           0x08000285   Thumb Code    14  memseta.o(.text)
    __aeabi_memset4                          0x08000285   Thumb Code     0  memseta.o(.text)
    __aeabi_memset8                          0x08000285   Thumb Code     0  memseta.o(.text)
    __aeabi_memclr                           0x08000293   Thumb Code     4  memseta.o(.text)
    __aeabi_memclr4                          0x08000293   Thumb Code     0  memseta.o(.text)
    __aeabi_memclr8                          0x08000293   Thumb Code     0  memseta.o(.text)
    _memset$wrapper                          0x08000297   Thumb Code    18  memseta.o(.text)
    memcmp                                   0x080002a9   Thumb Code    26  memcmp.o(.text)
    __aeabi_dadd                             0x080002c3   Thumb Code   322  dadd.o(.text)
    __aeabi_dsub                             0x08000405   Thumb Code     6  dadd.o(.text)
    __aeabi_drsub                            0x0800040b   Thumb Code     6  dadd.o(.text)
    __aeabi_dmul                             0x08000411   Thumb Code   228  dmul.o(.text)
    __aeabi_ddiv                             0x080004f5   Thumb Code   222  ddiv.o(.text)
    __aeabi_f2d                              0x080005d3   Thumb Code    38  f2d.o(.text)
    __aeabi_cdrcmple                         0x080005f9   Thumb Code    48  cdrcmple.o(.text)
    __aeabi_d2f                              0x08000629   Thumb Code    56  d2f.o(.text)
    __aeabi_uidiv                            0x08000661   Thumb Code     0  uidiv.o(.text)
    __aeabi_uidivmod                         0x08000661   Thumb Code    44  uidiv.o(.text)
    __aeabi_llsl                             0x0800068d   Thumb Code    30  llshl.o(.text)
    _ll_shift_l                              0x0800068d   Thumb Code     0  llshl.o(.text)
    __aeabi_llsr                             0x080006ab   Thumb Code    32  llushr.o(.text)
    _ll_ushift_r                             0x080006ab   Thumb Code     0  llushr.o(.text)
    __aeabi_lasr                             0x080006cb   Thumb Code    36  llsshr.o(.text)
    _ll_sshift_r                             0x080006cb   Thumb Code     0  llsshr.o(.text)
    __I$use$fp                               0x080006ef   Thumb Code     0  iusefp.o(.text)
    _float_round                             0x080006ef   Thumb Code    18  fepilogue.o(.text)
    _float_epilogue                          0x08000701   Thumb Code    92  fepilogue.o(.text)
    _double_round                            0x0800075d   Thumb Code    30  depilogue.o(.text)
    _double_epilogue                         0x0800077b   Thumb Code   156  depilogue.o(.text)
    __aeabi_d2ulz                            0x08000817   Thumb Code    48  dfixul.o(.text)
    __scatterload                            0x08000849   Thumb Code    28  init.o(.text)
    __scatterload_rt2                        0x08000849   Thumb Code     0  init.o(.text)
    _dsqrt                                   0x0800086d   Thumb Code   162  dsqrt.o(.text)
    BusFault_Handler                         0x0800090f   Thumb Code     2  stm32f4xx_it.o(i.BusFault_Handler)
    DebugMon_Handler                         0x08000911   Thumb Code     2  stm32f4xx_it.o(i.DebugMon_Handler)
    Delay_us                                 0x08000913   Thumb Code    18  main.o(i.Delay_us)
    Direction_forward                        0x08000925   Thumb Code    94  motor.o(i.Direction_forward)
    Direction_left                           0x0800098d   Thumb Code    92  motor.o(i.Direction_left)
    Direction_right                          0x080009f1   Thumb Code    94  motor.o(i.Direction_right)
    Error_Handler                            0x08000a59   Thumb Code     4  main.o(i.Error_Handler)
    HAL_DMA_Abort                            0x08000a5d   Thumb Code   146  stm32f4xx_hal_dma.o(i.HAL_DMA_Abort)
    HAL_DMA_Abort_IT                         0x08000aef   Thumb Code    36  stm32f4xx_hal_dma.o(i.HAL_DMA_Abort_IT)
    HAL_Delay                                0x08000b15   Thumb Code    32  stm32f4xx_hal.o(i.HAL_Delay)
    HAL_GPIO_Init                            0x08000b39   Thumb Code   450  stm32f4xx_hal_gpio.o(i.HAL_GPIO_Init)
    HAL_GPIO_ReadPin                         0x08000d29   Thumb Code    10  stm32f4xx_hal_gpio.o(i.HAL_GPIO_ReadPin)
    HAL_GPIO_WritePin                        0x08000d33   Thumb Code    10  stm32f4xx_hal_gpio.o(i.HAL_GPIO_WritePin)
    HAL_GetTick                              0x08000d3d   Thumb Code     6  stm32f4xx_hal.o(i.HAL_GetTick)
    HAL_I2C_Init                             0x08000d49   Thumb Code   376  stm32f4xx_hal_i2c.o(i.HAL_I2C_Init)
    HAL_I2C_Mem_Read                         0x08000ed1   Thumb Code   490  stm32f4xx_hal_i2c.o(i.HAL_I2C_Mem_Read)
    HAL_I2C_Mem_Write                        0x080010c9   Thumb Code   294  stm32f4xx_hal_i2c.o(i.HAL_I2C_Mem_Write)
    HAL_I2C_MspInit                          0x080011f9   Thumb Code    90  i2c.o(i.HAL_I2C_MspInit)
    HAL_IncTick                              0x08001261   Thumb Code    12  stm32f4xx_hal.o(i.HAL_IncTick)
    HAL_Init                                 0x08001271   Thumb Code    48  stm32f4xx_hal.o(i.HAL_Init)
    HAL_InitTick                             0x080012a5   Thumb Code    54  stm32f4xx_hal.o(i.HAL_InitTick)
    HAL_MspInit                              0x080012e5   Thumb Code    42  stm32f4xx_hal_msp.o(i.HAL_MspInit)
    HAL_NVIC_EnableIRQ                       0x08001315   Thumb Code    26  stm32f4xx_hal_cortex.o(i.HAL_NVIC_EnableIRQ)
    HAL_NVIC_SetPriority                     0x08001331   Thumb Code    60  stm32f4xx_hal_cortex.o(i.HAL_NVIC_SetPriority)
    HAL_NVIC_SetPriorityGrouping             0x08001371   Thumb Code    26  stm32f4xx_hal_cortex.o(i.HAL_NVIC_SetPriorityGrouping)
    HAL_RCC_ClockConfig                      0x08001395   Thumb Code   288  stm32f4xx_hal_rcc.o(i.HAL_RCC_ClockConfig)
    HAL_RCC_GetPCLK1Freq                     0x080014c9   Thumb Code    20  stm32f4xx_hal_rcc.o(i.HAL_RCC_GetPCLK1Freq)
    HAL_RCC_GetPCLK2Freq                     0x080014e9   Thumb Code    20  stm32f4xx_hal_rcc.o(i.HAL_RCC_GetPCLK2Freq)
    HAL_RCC_GetSysClockFreq                  0x08001509   Thumb Code    88  stm32f4xx_hal_rcc.o(i.HAL_RCC_GetSysClockFreq)
    HAL_RCC_OscConfig                        0x08001569   Thumb Code   856  stm32f4xx_hal_rcc.o(i.HAL_RCC_OscConfig)
    HAL_SYSTICK_Config                       0x080018d5   Thumb Code    40  stm32f4xx_hal_cortex.o(i.HAL_SYSTICK_Config)
    HAL_TIMEx_BreakCallback                  0x080018fd   Thumb Code     2  stm32f4xx_hal_tim_ex.o(i.HAL_TIMEx_BreakCallback)
    HAL_TIMEx_CommutCallback                 0x080018ff   Thumb Code     2  stm32f4xx_hal_tim_ex.o(i.HAL_TIMEx_CommutCallback)
    HAL_TIMEx_ConfigBreakDeadTime            0x08001901   Thumb Code    84  stm32f4xx_hal_tim_ex.o(i.HAL_TIMEx_ConfigBreakDeadTime)
    HAL_TIMEx_MasterConfigSynchronization    0x08001955   Thumb Code   116  stm32f4xx_hal_tim_ex.o(i.HAL_TIMEx_MasterConfigSynchronization)
    HAL_TIM_Base_Init                        0x080019e5   Thumb Code    90  stm32f4xx_hal_tim.o(i.HAL_TIM_Base_Init)
    HAL_TIM_Base_MspInit                     0x08001a41   Thumb Code    90  tim.o(i.HAL_TIM_Base_MspInit)
    HAL_TIM_ConfigClockSource                0x08001aa9   Thumb Code   220  stm32f4xx_hal_tim.o(i.HAL_TIM_ConfigClockSource)
    HAL_TIM_Encoder_Init                     0x08001b85   Thumb Code   164  stm32f4xx_hal_tim.o(i.HAL_TIM_Encoder_Init)
    HAL_TIM_Encoder_MspInit                  0x08001c29   Thumb Code   250  tim.o(i.HAL_TIM_Encoder_MspInit)
    HAL_TIM_Encoder_Start                    0x08001d45   Thumb Code   142  stm32f4xx_hal_tim.o(i.HAL_TIM_Encoder_Start)
    HAL_TIM_IC_CaptureCallback               0x08001dd5   Thumb Code   154  tim.o(i.HAL_TIM_IC_CaptureCallback)
    HAL_TIM_IC_ConfigChannel                 0x08001e8d   Thumb Code   286  stm32f4xx_hal_tim.o(i.HAL_TIM_IC_ConfigChannel)
    HAL_TIM_IC_Init                          0x08001fab   Thumb Code    90  stm32f4xx_hal_tim.o(i.HAL_TIM_IC_Init)
    HAL_TIM_IC_MspInit                       0x08002005   Thumb Code   106  tim.o(i.HAL_TIM_IC_MspInit)
    HAL_TIM_IC_Start_IT                      0x0800207d   Thumb Code   240  stm32f4xx_hal_tim.o(i.HAL_TIM_IC_Start_IT)
    HAL_TIM_IRQHandler                       0x08002189   Thumb Code   358  stm32f4xx_hal_tim.o(i.HAL_TIM_IRQHandler)
    HAL_TIM_MspPostInit                      0x080022f1   Thumb Code    72  tim.o(i.HAL_TIM_MspPostInit)
    HAL_TIM_OC_DelayElapsedCallback          0x08002345   Thumb Code     2  stm32f4xx_hal_tim.o(i.HAL_TIM_OC_DelayElapsedCallback)
    HAL_TIM_PWM_ConfigChannel                0x08002347   Thumb Code   204  stm32f4xx_hal_tim.o(i.HAL_TIM_PWM_ConfigChannel)
    HAL_TIM_PWM_Init                         0x08002413   Thumb Code    90  stm32f4xx_hal_tim.o(i.HAL_TIM_PWM_Init)
    HAL_TIM_PWM_MspInit                      0x0800246d   Thumb Code     2  stm32f4xx_hal_tim.o(i.HAL_TIM_PWM_MspInit)
    HAL_TIM_PWM_PulseFinishedCallback        0x0800246f   Thumb Code     2  stm32f4xx_hal_tim.o(i.HAL_TIM_PWM_PulseFinishedCallback)
    HAL_TIM_PWM_Start                        0x08002471   Thumb Code   172  stm32f4xx_hal_tim.o(i.HAL_TIM_PWM_Start)
    HAL_TIM_PeriodElapsedCallback            0x08002539   Thumb Code     2  stm32f4xx_hal_tim.o(i.HAL_TIM_PeriodElapsedCallback)
    HAL_TIM_ReadCapturedValue                0x0800253b   Thumb Code    42  stm32f4xx_hal_tim.o(i.HAL_TIM_ReadCapturedValue)
    HAL_TIM_TriggerCallback                  0x08002565   Thumb Code     2  stm32f4xx_hal_tim.o(i.HAL_TIM_TriggerCallback)
    HAL_UARTEx_RxEventCallback               0x08002567   Thumb Code     2  stm32f4xx_hal_uart.o(i.HAL_UARTEx_RxEventCallback)
    HAL_UART_ErrorCallback                   0x08002569   Thumb Code     2  stm32f4xx_hal_uart.o(i.HAL_UART_ErrorCallback)
    HAL_UART_IRQHandler                      0x0800256d   Thumb Code   610  stm32f4xx_hal_uart.o(i.HAL_UART_IRQHandler)
    HAL_UART_Init                            0x080027d5   Thumb Code    98  stm32f4xx_hal_uart.o(i.HAL_UART_Init)
    HAL_UART_MspInit                         0x08002839   Thumb Code   372  usart.o(i.HAL_UART_MspInit)
    HAL_UART_Receive                         0x080029d1   Thumb Code   192  stm32f4xx_hal_uart.o(i.HAL_UART_Receive)
    HAL_UART_RxCpltCallback                  0x08002a91   Thumb Code     2  stm32f4xx_hal_uart.o(i.HAL_UART_RxCpltCallback)
    HAL_UART_TxCpltCallback                  0x08002a93   Thumb Code     2  stm32f4xx_hal_uart.o(i.HAL_UART_TxCpltCallback)
    HardFault_Handler                        0x08002a95   Thumb Code     2  stm32f4xx_it.o(i.HardFault_Handler)
    I2C_Start                                0x08002c69   Thumb Code    60  oled.o(i.I2C_Start)
    I2C_Stop                                 0x08002ca9   Thumb Code    42  oled.o(i.I2C_Stop)
    I2C_WaitAck                              0x08002cd9   Thumb Code    50  oled.o(i.I2C_WaitAck)
    IIC_delay                                0x08002f0d   Thumb Code    10  oled.o(i.IIC_delay)
    MPU_Get_Accelerometer                    0x08002f17   Thumb Code    50  mpu6050.o(i.MPU_Get_Accelerometer)
    MPU_Get_Gyroscope                        0x08002f49   Thumb Code    50  mpu6050.o(i.MPU_Get_Gyroscope)
    MPU_Read_Len                             0x08002f7d   Thumb Code    32  mpu6050.o(i.MPU_Read_Len)
    MPU_Show                                 0x08002fa1   Thumb Code   112  main.o(i.MPU_Show)
    MPU_Write_Len                            0x0800302d   Thumb Code    32  mpu6050.o(i.MPU_Write_Len)
    MX_GPIO_Init                             0x08003051   Thumb Code   340  gpio.o(i.MX_GPIO_Init)
    MX_I2C2_Init                             0x080031b9   Thumb Code    50  i2c.o(i.MX_I2C2_Init)
    MX_TIM1_Init                             0x080031f9   Thumb Code   244  tim.o(i.MX_TIM1_Init)
    MX_TIM3_Init                             0x080032f5   Thumb Code    96  tim.o(i.MX_TIM3_Init)
    MX_TIM4_Init                             0x0800335d   Thumb Code    96  tim.o(i.MX_TIM4_Init)
    MX_TIM5_Init                             0x080033c5   Thumb Code    96  tim.o(i.MX_TIM5_Init)
    MX_TIM7_Init                             0x0800342d   Thumb Code    60  tim.o(i.MX_TIM7_Init)
    MX_TIM8_Init                             0x08003471   Thumb Code    98  tim.o(i.MX_TIM8_Init)
    MX_TIM9_Init                             0x080034dd   Thumb Code    76  tim.o(i.MX_TIM9_Init)
    MX_UART5_Init                            0x08003531   Thumb Code    48  usart.o(i.MX_UART5_Init)
    MX_USART1_UART_Init                      0x08003569   Thumb Code    48  usart.o(i.MX_USART1_UART_Init)
    MX_USART2_UART_Init                      0x080035a1   Thumb Code    46  usart.o(i.MX_USART2_UART_Init)
    MX_USART3_UART_Init                      0x080035dd   Thumb Code    48  usart.o(i.MX_USART3_UART_Init)
    MemManage_Handler                        0x08003615   Thumb Code     2  stm32f4xx_it.o(i.MemManage_Handler)
    NMI_Handler                              0x08003617   Thumb Code     2  stm32f4xx_it.o(i.NMI_Handler)
    OLED_Clear                               0x08003619   Thumb Code    40  oled.o(i.OLED_Clear)
    OLED_DisPlay_On                          0x08003645   Thumb Code    30  oled.o(i.OLED_DisPlay_On)
    OLED_DrawPoint                           0x08003665   Thumb Code    40  oled.o(i.OLED_DrawPoint)
    OLED_Init                                0x08003691   Thumb Code   246  oled.o(i.OLED_Init)
    OLED_Pow                                 0x0800378d   Thumb Code    16  oled.o(i.OLED_Pow)
    OLED_Refresh                             0x0800379d   Thumb Code   100  oled.o(i.OLED_Refresh)
    OLED_Show                                0x08003805   Thumb Code   170  main.o(i.OLED_Show)
    OLED_ShowChar                            0x080038d5   Thumb Code   212  oled.o(i.OLED_ShowChar)
    OLED_ShowNum                             0x080039b9   Thumb Code   110  oled.o(i.OLED_ShowNum)
    OLED_ShowString                          0x08003a27   Thumb Code    60  oled.o(i.OLED_ShowString)
    OLED_WR_Byte                             0x08003a63   Thumb Code    54  oled.o(i.OLED_WR_Byte)
    PID_Init                                 0x08003a99   Thumb Code    52  pwm_pid.o(i.PID_Init)
    PendSV_Handler                           0x08003add   Thumb Code     2  stm32f4xx_it.o(i.PendSV_Handler)
    SVC_Handler                              0x08003adf   Thumb Code     2  stm32f4xx_it.o(i.SVC_Handler)
    Send_Byte                                0x08003ae1   Thumb Code    68  oled.o(i.Send_Byte)
    SysTick_Handler                          0x08003b29   Thumb Code     4  stm32f4xx_it.o(i.SysTick_Handler)
    SystemClock_Config                       0x08003b2d   Thumb Code   138  main.o(i.SystemClock_Config)
    SystemInit                               0x08003bc1   Thumb Code    12  system_stm32f4xx.o(i.SystemInit)
    TIM1_BRK_TIM9_IRQHandler                 0x08003bd1   Thumb Code    18  stm32f4xx_it.o(i.TIM1_BRK_TIM9_IRQHandler)
    TIM7_IRQHandler                          0x08003bed   Thumb Code     6  stm32f4xx_it.o(i.TIM7_IRQHandler)
    TIM_Base_SetConfig                       0x08003bf9   Thumb Code   156  stm32f4xx_hal_tim.o(i.TIM_Base_SetConfig)
    TIM_CCxChannelCmd                        0x08003cc1   Thumb Code    26  stm32f4xx_hal_tim.o(i.TIM_CCxChannelCmd)
    TIM_ETR_SetConfig                        0x08003cdb   Thumb Code    20  stm32f4xx_hal_tim.o(i.TIM_ETR_SetConfig)
    TIM_OC2_SetConfig                        0x08003d61   Thumb Code    98  stm32f4xx_hal_tim.o(i.TIM_OC2_SetConfig)
    TIM_TI1_SetConfig                        0x08003ea9   Thumb Code   100  stm32f4xx_hal_tim.o(i.TIM_TI1_SetConfig)
    Tim_setCompare                           0x08003f85   Thumb Code    22  motor.o(i.Tim_setCompare)
    UART5_IRQHandler                         0x08003fa1   Thumb Code     6  stm32f4xx_it.o(i.UART5_IRQHandler)
    USART1_IRQHandler                        0x08004251   Thumb Code     6  stm32f4xx_it.o(i.USART1_IRQHandler)
    USART2_IRQHandler                        0x0800425d   Thumb Code     6  stm32f4xx_it.o(i.USART2_IRQHandler)
    USART3_IRQHandler                        0x08004269   Thumb Code     6  stm32f4xx_it.o(i.USART3_IRQHandler)
    UsageFault_Handler                       0x08004275   Thumb Code     2  stm32f4xx_it.o(i.UsageFault_Handler)
    __0printf                                0x08004279   Thumb Code    22  printfa.o(i.__0printf)
    __1printf                                0x08004279   Thumb Code     0  printfa.o(i.__0printf)
    __2printf                                0x08004279   Thumb Code     0  printfa.o(i.__0printf)
    __c89printf                              0x08004279   Thumb Code     0  printfa.o(i.__0printf)
    printf                                   0x08004279   Thumb Code     0  printfa.o(i.__0printf)
    __ARM_fpclassify                         0x08004299   Thumb Code    48  fpclassify.o(i.__ARM_fpclassify)
    __hardfp_asin                            0x080042e9   Thumb Code   770  asin.o(i.__hardfp_asin)
    __hardfp_atan                            0x08004649   Thumb Code   622  atan.o(i.__hardfp_atan)
    __hardfp_atan2                           0x08004921   Thumb Code   432  atan2.o(i.__hardfp_atan2)
    __kernel_poly                            0x08004b11   Thumb Code   248  poly.o(i.__kernel_poly)
    __mathlib_dbl_infnan                     0x08004c09   Thumb Code    20  dunder.o(i.__mathlib_dbl_infnan)
    __mathlib_dbl_infnan2                    0x08004c1d   Thumb Code    20  dunder.o(i.__mathlib_dbl_infnan2)
    __mathlib_dbl_invalid                    0x08004c31   Thumb Code    24  dunder.o(i.__mathlib_dbl_invalid)
    __mathlib_dbl_underflow                  0x08004c51   Thumb Code    24  dunder.o(i.__mathlib_dbl_underflow)
    __scatterload_copy                       0x08004c71   Thumb Code    14  handlers.o(i.__scatterload_copy)
    __scatterload_null                       0x08004c7f   Thumb Code     2  handlers.o(i.__scatterload_null)
    __scatterload_zeroinit                   0x08004c81   Thumb Code    14  handlers.o(i.__scatterload_zeroinit)
    __set_errno                              0x08004c91   Thumb Code     6  errno.o(i.__set_errno)
    atan                                     0x080055c1   Thumb Code    16  atan.o(i.atan)
    calc_motor_rotate_speed                  0x080055d1   Thumb Code   646  main.o(i.calc_motor_rotate_speed)
    distance_judge                           0x0800590d   Thumb Code    36  main.o(i.distance_judge)
    dmp_enable_6x_lp_quat                    0x08005935   Thumb Code    58  inv_mpu_dmp_motion_driver.o(i.dmp_enable_6x_lp_quat)
    dmp_enable_feature                       0x08005971   Thumb Code   464  inv_mpu_dmp_motion_driver.o(i.dmp_enable_feature)
    dmp_enable_gyro_cal                      0x08005b49   Thumb Code    34  inv_mpu_dmp_motion_driver.o(i.dmp_enable_gyro_cal)
    dmp_enable_lp_quat                       0x08005b85   Thumb Code    58  inv_mpu_dmp_motion_driver.o(i.dmp_enable_lp_quat)
    dmp_load_motion_driver_firmware          0x08005bc1   Thumb Code    16  inv_mpu_dmp_motion_driver.o(i.dmp_load_motion_driver_firmware)
    dmp_read_fifo                            0x08005bd5   Thumb Code   324  inv_mpu_dmp_motion_driver.o(i.dmp_read_fifo)
    dmp_set_accel_bias                       0x08005d1d   Thumb Code   210  inv_mpu_dmp_motion_driver.o(i.dmp_set_accel_bias)
    dmp_set_fifo_rate                        0x08005df5   Thumb Code    82  inv_mpu_dmp_motion_driver.o(i.dmp_set_fifo_rate)
    dmp_set_gyro_bias                        0x08005e59   Thumb Code   196  inv_mpu_dmp_motion_driver.o(i.dmp_set_gyro_bias)
    dmp_set_orientation                      0x08005f25   Thumb Code   246  inv_mpu_dmp_motion_driver.o(i.dmp_set_orientation)
    dmp_set_shake_reject_thresh              0x08006031   Thumb Code    48  inv_mpu_dmp_motion_driver.o(i.dmp_set_shake_reject_thresh)
    dmp_set_shake_reject_time                0x08006061   Thumb Code    32  inv_mpu_dmp_motion_driver.o(i.dmp_set_shake_reject_time)
    dmp_set_shake_reject_timeout             0x08006081   Thumb Code    32  inv_mpu_dmp_motion_driver.o(i.dmp_set_shake_reject_timeout)
    dmp_set_tap_axes                         0x080060a1   Thumb Code    64  inv_mpu_dmp_motion_driver.o(i.dmp_set_tap_axes)
    dmp_set_tap_count                        0x080060e1   Thumb Code    34  inv_mpu_dmp_motion_driver.o(i.dmp_set_tap_count)
    dmp_set_tap_thresh                       0x08006105   Thumb Code   314  inv_mpu_dmp_motion_driver.o(i.dmp_set_tap_thresh)
    dmp_set_tap_time                         0x08006265   Thumb Code    32  inv_mpu_dmp_motion_driver.o(i.dmp_set_tap_time)
    dmp_set_tap_time_multi                   0x08006285   Thumb Code    32  inv_mpu_dmp_motion_driver.o(i.dmp_set_tap_time_multi)
    fabs                                     0x080062a5   Thumb Code    24  fabs.o(i.fabs)
    fputc                                    0x080062bd   Thumb Code    14  usart.o(i.fputc)
    gases_start_signal                       0x080062d1   Thumb Code    34  main.o(i.gases_start_signal)
    inv_orientation_matrix_to_scalar         0x08006795   Thumb Code    34  inv_mpu.o(i.inv_orientation_matrix_to_scalar)
    inv_row_2_scale                          0x080067b7   Thumb Code    72  inv_mpu.o(i.inv_row_2_scale)
    main                                     0x08006801   Thumb Code   292  main.o(i.main)
    mget_ms                                  0x080069c5   Thumb Code     2  inv_mpu.o(i.mget_ms)
    mpu_configure_fifo                       0x080069c9   Thumb Code    78  inv_mpu.o(i.mpu_configure_fifo)
    mpu_dmp_get_data                         0x08006a1d   Thumb Code   352  inv_mpu.o(i.mpu_dmp_get_data)
    mpu_dmp_init                             0x08006b95   Thumb Code   162  inv_mpu.o(i.mpu_dmp_init)
    mpu_get_accel_fsr                        0x08006c49   Thumb Code    54  inv_mpu.o(i.mpu_get_accel_fsr)
    mpu_get_accel_sens                       0x08006c85   Thumb Code    62  inv_mpu.o(i.mpu_get_accel_sens)
    mpu_get_gyro_fsr                         0x08006cc9   Thumb Code    48  inv_mpu.o(i.mpu_get_gyro_fsr)
    mpu_get_gyro_sens                        0x08006cfd   Thumb Code    54  inv_mpu.o(i.mpu_get_gyro_sens)
    mpu_get_lpf                              0x08006d49   Thumb Code    52  inv_mpu.o(i.mpu_get_lpf)
    mpu_get_sample_rate                      0x08006d81   Thumb Code    22  inv_mpu.o(i.mpu_get_sample_rate)
    mpu_init                                 0x08006d9d   Thumb Code   310  inv_mpu.o(i.mpu_init)
    mpu_load_firmware                        0x08006f25   Thumb Code   154  inv_mpu.o(i.mpu_load_firmware)
    mpu_lp_accel_mode                        0x08006fc5   Thumb Code   178  inv_mpu.o(i.mpu_lp_accel_mode)
    mpu_read_fifo_stream                     0x0800707d   Thumb Code   140  inv_mpu.o(i.mpu_read_fifo_stream)
    mpu_read_mem                             0x0800710d   Thumb Code    80  inv_mpu.o(i.mpu_read_mem)
    mpu_reset_fifo                           0x08007161   Thumb Code   346  inv_mpu.o(i.mpu_reset_fifo)
    mpu_run_self_test                        0x080072c1   Thumb Code   234  inv_mpu.o(i.mpu_run_self_test)
    mpu_set_accel_fsr                        0x080073b1   Thumb Code    98  inv_mpu.o(i.mpu_set_accel_fsr)
    mpu_set_bypass                           0x08007419   Thumb Code   214  inv_mpu.o(i.mpu_set_bypass)
    mpu_set_dmp_state                        0x080074f5   Thumb Code   114  inv_mpu.o(i.mpu_set_dmp_state)
    mpu_set_gyro_fsr                         0x0800756d   Thumb Code   104  inv_mpu.o(i.mpu_set_gyro_fsr)
    mpu_set_int_latched                      0x080075d9   Thumb Code    94  inv_mpu.o(i.mpu_set_int_latched)
    mpu_set_lpf                              0x0800763d   Thumb Code   102  inv_mpu.o(i.mpu_set_lpf)
    mpu_set_sample_rate                      0x080076a9   Thumb Code   124  inv_mpu.o(i.mpu_set_sample_rate)
    mpu_set_sensors                          0x08007729   Thumb Code   178  inv_mpu.o(i.mpu_set_sensors)
    mpu_write_mem                            0x080077e1   Thumb Code    80  inv_mpu.o(i.mpu_write_mem)
    run_self_test                            0x08007899   Thumb Code   136  inv_mpu.o(i.run_self_test)
    sensor_control                           0x08007921   Thumb Code   324  main.o(i.sensor_control)
    sqrt                                     0x08007ac5   Thumb Code   110  sqrt.o(i.sqrt)
    tx_delay_ms                              0x08007b35   Thumb Code    24  main.o(i.tx_delay_ms)
    AHBPrescTable                            0x08007b50   Data          16  system_stm32f4xx.o(.constdata)
    APBPrescTable                            0x08007b60   Data           8  system_stm32f4xx.o(.constdata)
    asc2_0806                                0x08007b68   Data         552  oled.o(.constdata)
    asc2_1206                                0x08007d90   Data        1140  oled.o(.constdata)
    asc2_1608                                0x08008204   Data        1520  oled.o(.constdata)
    asc2_2412                                0x080087f4   Data        3420  oled.o(.constdata)
    Hzk1                                     0x08009550   Data         352  oled.o(.constdata)
    Hzk2                                     0x080096b0   Data          72  oled.o(.constdata)
    Hzk3                                     0x080096f8   Data         128  oled.o(.constdata)
    Hzk4                                     0x08009778   Data         512  oled.o(.constdata)
    reg                                      0x08009978   Data          27  inv_mpu.o(.constdata)
    hw                                       0x08009994   Data          12  inv_mpu.o(.constdata)
    test                                     0x080099a0   Data          40  inv_mpu.o(.constdata)
    __mathlib_zero                           0x0800a6a8   Data           8  qnan.o(.constdata)
    Region$$Table$$Base                      0x0800a700   Number         0  anon$$obj.o(Region$$Table)
    Region$$Table$$Limit                     0x0800a720   Number         0  anon$$obj.o(Region$$Table)
    ds_fm                                    0x20000000   Data           1  main.o(.data)
    Rxbuf                                    0x20000001   Data           1  main.o(.data)
    sensor_left                              0x20000002   Data           2  main.o(.data)
    sensor_right                             0x20000004   Data           2  main.o(.data)
    aacx                                     0x20000006   Data           2  main.o(.data)
    aacy                                     0x20000008   Data           2  main.o(.data)
    aacz                                     0x2000000a   Data           2  main.o(.data)
    gyrox                                    0x2000000c   Data           2  main.o(.data)
    gyroy                                    0x2000000e   Data           2  main.o(.data)
    gyroz                                    0x20000010   Data           2  main.o(.data)
    rx1                                      0x20000012   Data           2  main.o(.data)
    rx2                                      0x20000014   Data           2  main.o(.data)
    rx3                                      0x20000016   Data           2  main.o(.data)
    rx4                                      0x20000018   Data           2  main.o(.data)
    pitch                                    0x2000001c   Data           4  main.o(.data)
    roll                                     0x20000020   Data           4  main.o(.data)
    yaw                                      0x20000024   Data           4  main.o(.data)
    set_pwm                                  0x20000028   Data           8  main.o(.data)
    dis_fm                                   0x20000030   Data           1  tim.o(.data)
    Edge                                     0x20000031   Data           1  tim.o(.data)
    HighTime                                 0x20000032   Data           2  tim.o(.data)
    RisingTime                               0x20000034   Data           2  tim.o(.data)
    FallingTime                              0x20000036   Data           2  tim.o(.data)
    uwTickFreq                               0x20000038   Data           1  stm32f4xx_hal.o(.data)
    uwTickPrio                               0x2000003c   Data           4  stm32f4xx_hal.o(.data)
    uwTick                                   0x20000040   Data           4  stm32f4xx_hal.o(.data)
    SystemCoreClock                          0x20000044   Data           4  system_stm32f4xx.o(.data)
    __stdout                                 0x20000080   Data           4  stdout.o(.data)
    rotateSpeed                              0x20000088   Data          16  main.o(.bss)
    encoderNum                               0x20000098   Data          16  main.o(.bss)
    speed                                    0x200000a8   Data          16  main.o(.bss)
    pid                                      0x200000b8   Data         144  main.o(.bss)
    hi2c2                                    0x20000148   Data          84  i2c.o(.bss)
    htim1                                    0x2000019c   Data          72  tim.o(.bss)
    htim3                                    0x200001e4   Data          72  tim.o(.bss)
    htim4                                    0x2000022c   Data          72  tim.o(.bss)
    htim5                                    0x20000274   Data          72  tim.o(.bss)
    htim7                                    0x200002bc   Data          72  tim.o(.bss)
    htim8                                    0x20000304   Data          72  tim.o(.bss)
    htim9                                    0x2000034c   Data          72  tim.o(.bss)
    huart5                                   0x20000394   Data          68  usart.o(.bss)
    huart1                                   0x200003d8   Data          68  usart.o(.bss)
    huart2                                   0x2000041c   Data          68  usart.o(.bss)
    huart3                                   0x20000460   Data          68  usart.o(.bss)
    OLED_GRAM                                0x200004a4   Data        1152  oled.o(.bss)
    __initial_sp                             0x20000d38   Data           0  startup_stm32f407xx.o(STACK)



==============================================================================

Memory Map of the image

  Image Entry point : 0x08000189

  Load Region LR_IROM1 (Base: 0x08000000, Size: 0x0000a7a8, Max: 0x00100000, ABSOLUTE)

    Execution Region ER_IROM1 (Base: 0x08000000, Size: 0x0000a720, Max: 0x00100000, ABSOLUTE)

    Base Addr    Size         Type   Attr      Idx    E Section Name        Object

    0x08000000   0x00000188   Data   RO            3    RESET               startup_stm32f407xx.o
    0x08000188   0x00000000   Code   RO         4539  * .ARM.Collect$$$$00000000  mc_w.l(entry.o)
    0x08000188   0x00000004   Code   RO         4876    .ARM.Collect$$$$00000001  mc_w.l(entry2.o)
    0x0800018c   0x00000004   Code   RO         4879    .ARM.Collect$$$$00000004  mc_w.l(entry5.o)
    0x08000190   0x00000000   Code   RO         4881    .ARM.Collect$$$$00000008  mc_w.l(entry7b.o)
    0x08000190   0x00000000   Code   RO         4883    .ARM.Collect$$$$0000000A  mc_w.l(entry8b.o)
    0x08000190   0x00000008   Code   RO         4884    .ARM.Collect$$$$0000000B  mc_w.l(entry9a.o)
    0x08000198   0x00000000   Code   RO         4886    .ARM.Collect$$$$0000000D  mc_w.l(entry10a.o)
    0x08000198   0x00000000   Code   RO         4888    .ARM.Collect$$$$0000000F  mc_w.l(entry11a.o)
    0x08000198   0x00000004   Code   RO         4877    .ARM.Collect$$$$00002712  mc_w.l(entry2.o)
    0x0800019c   0x00000024   Code   RO            4    .text               startup_stm32f407xx.o
    0x080001c0   0x00000062   Code   RO         4542    .text               mc_w.l(uldiv.o)
    0x08000222   0x00000062   Code   RO         4544    .text               mc_w.l(ldiv.o)
    0x08000284   0x00000024   Code   RO         4546    .text               mc_w.l(memseta.o)
    0x080002a8   0x0000001a   Code   RO         4548    .text               mc_w.l(memcmp.o)
    0x080002c2   0x0000014e   Code   RO         4811    .text               mf_w.l(dadd.o)
    0x08000410   0x000000e4   Code   RO         4813    .text               mf_w.l(dmul.o)
    0x080004f4   0x000000de   Code   RO         4815    .text               mf_w.l(ddiv.o)
    0x080005d2   0x00000026   Code   RO         4819    .text               mf_w.l(f2d.o)
    0x080005f8   0x00000030   Code   RO         4821    .text               mf_w.l(cdrcmple.o)
    0x08000628   0x00000038   Code   RO         4823    .text               mf_w.l(d2f.o)
    0x08000660   0x0000002c   Code   RO         4891    .text               mc_w.l(uidiv.o)
    0x0800068c   0x0000001e   Code   RO         4893    .text               mc_w.l(llshl.o)
    0x080006aa   0x00000020   Code   RO         4895    .text               mc_w.l(llushr.o)
    0x080006ca   0x00000024   Code   RO         4897    .text               mc_w.l(llsshr.o)
    0x080006ee   0x00000000   Code   RO         4906    .text               mc_w.l(iusefp.o)
    0x080006ee   0x0000006e   Code   RO         4907    .text               mf_w.l(fepilogue.o)
    0x0800075c   0x000000ba   Code   RO         4909    .text               mf_w.l(depilogue.o)
    0x08000816   0x00000030   Code   RO         4913    .text               mf_w.l(dfixul.o)
    0x08000846   0x00000002   PAD
    0x08000848   0x00000024   Code   RO         4915    .text               mc_w.l(init.o)
    0x0800086c   0x000000a2   Code   RO         4917    .text               mf_w.l(dsqrt.o)
    0x0800090e   0x00000002   Code   RO          531    i.BusFault_Handler  stm32f4xx_it.o
    0x08000910   0x00000002   Code   RO          532    i.DebugMon_Handler  stm32f4xx_it.o
    0x08000912   0x00000012   Code   RO           13    i.Delay_us          main.o
    0x08000924   0x00000068   Code   RO         3651    i.Direction_forward  motor.o
    0x0800098c   0x00000064   Code   RO         3652    i.Direction_left    motor.o
    0x080009f0   0x00000068   Code   RO         3653    i.Direction_right   motor.o
    0x08000a58   0x00000004   Code   RO           14    i.Error_Handler     main.o
    0x08000a5c   0x00000092   Code   RO         1579    i.HAL_DMA_Abort     stm32f4xx_hal_dma.o
    0x08000aee   0x00000024   Code   RO         1580    i.HAL_DMA_Abort_IT  stm32f4xx_hal_dma.o
    0x08000b12   0x00000002   PAD
    0x08000b14   0x00000024   Code   RO         1998    i.HAL_Delay         stm32f4xx_hal.o
    0x08000b38   0x000001f0   Code   RO         1472    i.HAL_GPIO_Init     stm32f4xx_hal_gpio.o
    0x08000d28   0x0000000a   Code   RO         1474    i.HAL_GPIO_ReadPin  stm32f4xx_hal_gpio.o
    0x08000d32   0x0000000a   Code   RO         1476    i.HAL_GPIO_WritePin  stm32f4xx_hal_gpio.o
    0x08000d3c   0x0000000c   Code   RO         2004    i.HAL_GetTick       stm32f4xx_hal.o
    0x08000d48   0x00000188   Code   RO          678    i.HAL_I2C_Init      stm32f4xx_hal_i2c.o
    0x08000ed0   0x000001f8   Code   RO          696    i.HAL_I2C_Mem_Read  stm32f4xx_hal_i2c.o
    0x080010c8   0x00000130   Code   RO          699    i.HAL_I2C_Mem_Write  stm32f4xx_hal_i2c.o
    0x080011f8   0x00000068   Code   RO          308    i.HAL_I2C_MspInit   i2c.o
    0x08001260   0x00000010   Code   RO         2010    i.HAL_IncTick       stm32f4xx_hal.o
    0x08001270   0x00000034   Code   RO         2011    i.HAL_Init          stm32f4xx_hal.o
    0x080012a4   0x00000040   Code   RO         2012    i.HAL_InitTick      stm32f4xx_hal.o
    0x080012e4   0x00000030   Code   RO          643    i.HAL_MspInit       stm32f4xx_hal_msp.o
    0x08001314   0x0000001a   Code   RO         1861    i.HAL_NVIC_EnableIRQ  stm32f4xx_hal_cortex.o
    0x0800132e   0x00000002   PAD
    0x08001330   0x00000040   Code   RO         1867    i.HAL_NVIC_SetPriority  stm32f4xx_hal_cortex.o
    0x08001370   0x00000024   Code   RO         1868    i.HAL_NVIC_SetPriorityGrouping  stm32f4xx_hal_cortex.o
    0x08001394   0x00000134   Code   RO         1118    i.HAL_RCC_ClockConfig  stm32f4xx_hal_rcc.o
    0x080014c8   0x00000020   Code   RO         1125    i.HAL_RCC_GetPCLK1Freq  stm32f4xx_hal_rcc.o
    0x080014e8   0x00000020   Code   RO         1126    i.HAL_RCC_GetPCLK2Freq  stm32f4xx_hal_rcc.o
    0x08001508   0x00000060   Code   RO         1127    i.HAL_RCC_GetSysClockFreq  stm32f4xx_hal_rcc.o
    0x08001568   0x0000036c   Code   RO         1130    i.HAL_RCC_OscConfig  stm32f4xx_hal_rcc.o
    0x080018d4   0x00000028   Code   RO         1872    i.HAL_SYSTICK_Config  stm32f4xx_hal_cortex.o
    0x080018fc   0x00000002   Code   RO         2955    i.HAL_TIMEx_BreakCallback  stm32f4xx_hal_tim_ex.o
    0x080018fe   0x00000002   Code   RO         2956    i.HAL_TIMEx_CommutCallback  stm32f4xx_hal_tim_ex.o
    0x08001900   0x00000054   Code   RO         2958    i.HAL_TIMEx_ConfigBreakDeadTime  stm32f4xx_hal_tim_ex.o
    0x08001954   0x00000090   Code   RO         2974    i.HAL_TIMEx_MasterConfigSynchronization  stm32f4xx_hal_tim_ex.o
    0x080019e4   0x0000005a   Code   RO         2251    i.HAL_TIM_Base_Init  stm32f4xx_hal_tim.o
    0x08001a3e   0x00000002   PAD
    0x08001a40   0x00000068   Code   RO          350    i.HAL_TIM_Base_MspInit  tim.o
    0x08001aa8   0x000000dc   Code   RO         2260    i.HAL_TIM_ConfigClockSource  stm32f4xx_hal_tim.o
    0x08001b84   0x000000a4   Code   RO         2272    i.HAL_TIM_Encoder_Init  stm32f4xx_hal_tim.o
    0x08001c28   0x0000011c   Code   RO          352    i.HAL_TIM_Encoder_MspInit  tim.o
    0x08001d44   0x0000008e   Code   RO         2275    i.HAL_TIM_Encoder_Start  stm32f4xx_hal_tim.o
    0x08001dd2   0x00000002   PAD
    0x08001dd4   0x000000b8   Code   RO          353    i.HAL_TIM_IC_CaptureCallback  tim.o
    0x08001e8c   0x0000011e   Code   RO         2287    i.HAL_TIM_IC_ConfigChannel  stm32f4xx_hal_tim.o
    0x08001faa   0x0000005a   Code   RO         2290    i.HAL_TIM_IC_Init   stm32f4xx_hal_tim.o
    0x08002004   0x00000078   Code   RO          355    i.HAL_TIM_IC_MspInit  tim.o
    0x0800207c   0x0000010c   Code   RO         2295    i.HAL_TIM_IC_Start_IT  stm32f4xx_hal_tim.o
    0x08002188   0x00000166   Code   RO         2299    i.HAL_TIM_IRQHandler  stm32f4xx_hal_tim.o
    0x080022ee   0x00000002   PAD
    0x080022f0   0x00000054   Code   RO          356    i.HAL_TIM_MspPostInit  tim.o
    0x08002344   0x00000002   Code   RO         2302    i.HAL_TIM_OC_DelayElapsedCallback  stm32f4xx_hal_tim.o
    0x08002346   0x000000cc   Code   RO         2323    i.HAL_TIM_PWM_ConfigChannel  stm32f4xx_hal_tim.o
    0x08002412   0x0000005a   Code   RO         2326    i.HAL_TIM_PWM_Init  stm32f4xx_hal_tim.o
    0x0800246c   0x00000002   Code   RO         2328    i.HAL_TIM_PWM_MspInit  stm32f4xx_hal_tim.o
    0x0800246e   0x00000002   Code   RO         2329    i.HAL_TIM_PWM_PulseFinishedCallback  stm32f4xx_hal_tim.o
    0x08002470   0x000000c8   Code   RO         2331    i.HAL_TIM_PWM_Start  stm32f4xx_hal_tim.o
    0x08002538   0x00000002   Code   RO         2337    i.HAL_TIM_PeriodElapsedCallback  stm32f4xx_hal_tim.o
    0x0800253a   0x0000002a   Code   RO         2339    i.HAL_TIM_ReadCapturedValue  stm32f4xx_hal_tim.o
    0x08002564   0x00000002   Code   RO         2342    i.HAL_TIM_TriggerCallback  stm32f4xx_hal_tim.o
    0x08002566   0x00000002   Code   RO         3233    i.HAL_UARTEx_RxEventCallback  stm32f4xx_hal_uart.o
    0x08002568   0x00000002   Code   RO         3247    i.HAL_UART_ErrorCallback  stm32f4xx_hal_uart.o
    0x0800256a   0x00000002   PAD
    0x0800256c   0x00000268   Code   RO         3250    i.HAL_UART_IRQHandler  stm32f4xx_hal_uart.o
    0x080027d4   0x00000062   Code   RO         3251    i.HAL_UART_Init     stm32f4xx_hal_uart.o
    0x08002836   0x00000002   PAD
    0x08002838   0x00000198   Code   RO          466    i.HAL_UART_MspInit  usart.o
    0x080029d0   0x000000c0   Code   RO         3254    i.HAL_UART_Receive  stm32f4xx_hal_uart.o
    0x08002a90   0x00000002   Code   RO         3257    i.HAL_UART_RxCpltCallback  stm32f4xx_hal_uart.o
    0x08002a92   0x00000002   Code   RO         3262    i.HAL_UART_TxCpltCallback  stm32f4xx_hal_uart.o
    0x08002a94   0x00000002   Code   RO          533    i.HardFault_Handler  stm32f4xx_it.o
    0x08002a96   0x0000002e   Code   RO          720    i.I2C_IsAcknowledgeFailed  stm32f4xx_hal_i2c.o
    0x08002ac4   0x000000fc   Code   RO          730    i.I2C_RequestMemoryRead  stm32f4xx_hal_i2c.o
    0x08002bc0   0x000000a8   Code   RO          731    i.I2C_RequestMemoryWrite  stm32f4xx_hal_i2c.o
    0x08002c68   0x00000040   Code   RO         3701    i.I2C_Start         oled.o
    0x08002ca8   0x00000030   Code   RO         3702    i.I2C_Stop          oled.o
    0x08002cd8   0x00000038   Code   RO         3703    i.I2C_WaitAck       oled.o
    0x08002d10   0x0000004c   Code   RO          735    i.I2C_WaitOnBTFFlagUntilTimeout  stm32f4xx_hal_i2c.o
    0x08002d5c   0x00000068   Code   RO          736    i.I2C_WaitOnFlagUntilTimeout  stm32f4xx_hal_i2c.o
    0x08002dc4   0x00000096   Code   RO          737    i.I2C_WaitOnMasterAddressFlagUntilTimeout  stm32f4xx_hal_i2c.o
    0x08002e5a   0x00000066   Code   RO          738    i.I2C_WaitOnRXNEFlagUntilTimeout  stm32f4xx_hal_i2c.o
    0x08002ec0   0x0000004c   Code   RO          739    i.I2C_WaitOnTXEFlagUntilTimeout  stm32f4xx_hal_i2c.o
    0x08002f0c   0x0000000a   Code   RO         3704    i.IIC_delay         oled.o
    0x08002f16   0x00000032   Code   RO         3877    i.MPU_Get_Accelerometer  mpu6050.o
    0x08002f48   0x00000032   Code   RO         3878    i.MPU_Get_Gyroscope  mpu6050.o
    0x08002f7a   0x00000002   PAD
    0x08002f7c   0x00000024   Code   RO         3882    i.MPU_Read_Len      mpu6050.o
    0x08002fa0   0x0000008c   Code   RO           15    i.MPU_Show          main.o
    0x0800302c   0x00000024   Code   RO         3888    i.MPU_Write_Len     mpu6050.o
    0x08003050   0x00000168   Code   RO          283    i.MX_GPIO_Init      gpio.o
    0x080031b8   0x00000040   Code   RO          309    i.MX_I2C2_Init      i2c.o
    0x080031f8   0x000000fc   Code   RO          357    i.MX_TIM1_Init      tim.o
    0x080032f4   0x00000068   Code   RO          358    i.MX_TIM3_Init      tim.o
    0x0800335c   0x00000068   Code   RO          359    i.MX_TIM4_Init      tim.o
    0x080033c4   0x00000068   Code   RO          360    i.MX_TIM5_Init      tim.o
    0x0800342c   0x00000044   Code   RO          361    i.MX_TIM7_Init      tim.o
    0x08003470   0x0000006c   Code   RO          362    i.MX_TIM8_Init      tim.o
    0x080034dc   0x00000054   Code   RO          363    i.MX_TIM9_Init      tim.o
    0x08003530   0x00000038   Code   RO          467    i.MX_UART5_Init     usart.o
    0x08003568   0x00000038   Code   RO          468    i.MX_USART1_UART_Init  usart.o
    0x080035a0   0x0000003c   Code   RO          469    i.MX_USART2_UART_Init  usart.o
    0x080035dc   0x00000038   Code   RO          470    i.MX_USART3_UART_Init  usart.o
    0x08003614   0x00000002   Code   RO          534    i.MemManage_Handler  stm32f4xx_it.o
    0x08003616   0x00000002   Code   RO          535    i.NMI_Handler       stm32f4xx_it.o
    0x08003618   0x0000002c   Code   RO         3705    i.OLED_Clear        oled.o
    0x08003644   0x0000001e   Code   RO         3708    i.OLED_DisPlay_On   oled.o
    0x08003662   0x00000002   PAD
    0x08003664   0x0000002c   Code   RO         3712    i.OLED_DrawPoint    oled.o
    0x08003690   0x000000fc   Code   RO         3713    i.OLED_Init         oled.o
    0x0800378c   0x00000010   Code   RO         3714    i.OLED_Pow          oled.o
    0x0800379c   0x00000068   Code   RO         3715    i.OLED_Refresh      oled.o
    0x08003804   0x000000d0   Code   RO           16    i.OLED_Show         main.o
    0x080038d4   0x000000e4   Code   RO         3717    i.OLED_ShowChar     oled.o
    0x080039b8   0x0000006e   Code   RO         3719    i.OLED_ShowNum      oled.o
    0x08003a26   0x0000003c   Code   RO         3721    i.OLED_ShowString   oled.o
    0x08003a62   0x00000036   Code   RO         3722    i.OLED_WR_Byte      oled.o
    0x08003a98   0x00000044   Code   RO         3617    i.PID_Init          pwm_pid.o
    0x08003adc   0x00000002   Code   RO          536    i.PendSV_Handler    stm32f4xx_it.o
    0x08003ade   0x00000002   Code   RO          537    i.SVC_Handler       stm32f4xx_it.o
    0x08003ae0   0x00000048   Code   RO         3724    i.Send_Byte         oled.o
    0x08003b28   0x00000004   Code   RO          538    i.SysTick_Handler   stm32f4xx_it.o
    0x08003b2c   0x00000094   Code   RO           18    i.SystemClock_Config  main.o
    0x08003bc0   0x00000010   Code   RO         3580    i.SystemInit        system_stm32f4xx.o
    0x08003bd0   0x0000001c   Code   RO          539    i.TIM1_BRK_TIM9_IRQHandler  stm32f4xx_it.o
    0x08003bec   0x0000000c   Code   RO          540    i.TIM7_IRQHandler   stm32f4xx_it.o
    0x08003bf8   0x000000c8   Code   RO         2344    i.TIM_Base_SetConfig  stm32f4xx_hal_tim.o
    0x08003cc0   0x0000001a   Code   RO         2345    i.TIM_CCxChannelCmd  stm32f4xx_hal_tim.o
    0x08003cda   0x00000014   Code   RO         2355    i.TIM_ETR_SetConfig  stm32f4xx_hal_tim.o
    0x08003cee   0x00000010   Code   RO         2356    i.TIM_ITRx_SetConfig  stm32f4xx_hal_tim.o
    0x08003cfe   0x00000002   PAD
    0x08003d00   0x00000060   Code   RO         2357    i.TIM_OC1_SetConfig  stm32f4xx_hal_tim.o
    0x08003d60   0x0000006c   Code   RO         2358    i.TIM_OC2_SetConfig  stm32f4xx_hal_tim.o
    0x08003dcc   0x00000068   Code   RO         2359    i.TIM_OC3_SetConfig  stm32f4xx_hal_tim.o
    0x08003e34   0x00000050   Code   RO         2360    i.TIM_OC4_SetConfig  stm32f4xx_hal_tim.o
    0x08003e84   0x00000022   Code   RO         2362    i.TIM_TI1_ConfigInputStage  stm32f4xx_hal_tim.o
    0x08003ea6   0x00000002   PAD
    0x08003ea8   0x00000080   Code   RO         2363    i.TIM_TI1_SetConfig  stm32f4xx_hal_tim.o
    0x08003f28   0x00000024   Code   RO         2364    i.TIM_TI2_ConfigInputStage  stm32f4xx_hal_tim.o
    0x08003f4c   0x00000036   Code   RO         2365    i.TIM_TI2_SetConfig  stm32f4xx_hal_tim.o
    0x08003f82   0x00000002   PAD
    0x08003f84   0x0000001c   Code   RO         3654    i.Tim_setCompare    motor.o
    0x08003fa0   0x0000000c   Code   RO          541    i.UART5_IRQHandler  stm32f4xx_it.o
    0x08003fac   0x00000010   Code   RO         3264    i.UART_DMAAbortOnError  stm32f4xx_hal_uart.o
    0x08003fbc   0x0000004e   Code   RO         3274    i.UART_EndRxTransfer  stm32f4xx_hal_uart.o
    0x0800400a   0x000000c0   Code   RO         3276    i.UART_Receive_IT   stm32f4xx_hal_uart.o
    0x080040ca   0x00000002   PAD
    0x080040cc   0x0000010c   Code   RO         3277    i.UART_SetConfig    stm32f4xx_hal_uart.o
    0x080041d8   0x00000078   Code   RO         3280    i.UART_WaitOnFlagUntilTimeout  stm32f4xx_hal_uart.o
    0x08004250   0x0000000c   Code   RO          542    i.USART1_IRQHandler  stm32f4xx_it.o
    0x0800425c   0x0000000c   Code   RO          543    i.USART2_IRQHandler  stm32f4xx_it.o
    0x08004268   0x0000000c   Code   RO          544    i.USART3_IRQHandler  stm32f4xx_it.o
    0x08004274   0x00000002   Code   RO          545    i.UsageFault_Handler  stm32f4xx_it.o
    0x08004276   0x00000002   PAD
    0x08004278   0x00000020   Code   RO         4783    i.__0printf         mc_w.l(printfa.o)
    0x08004298   0x00000030   Code   RO         4859    i.__ARM_fpclassify  m_wm.l(fpclassify.o)
    0x080042c8   0x00000020   Code   RO         1874    i.__NVIC_SetPriority  stm32f4xx_hal_cortex.o
    0x080042e8   0x00000360   Code   RO         4513    i.__hardfp_asin     m_wm.l(asin.o)
    0x08004648   0x000002d8   Code   RO         4825    i.__hardfp_atan     m_wm.l(atan.o)
    0x08004920   0x000001f0   Code   RO         4527    i.__hardfp_atan2    m_wm.l(atan2.o)
    0x08004b10   0x000000f8   Code   RO         4861    i.__kernel_poly     m_wm.l(poly.o)
    0x08004c08   0x00000014   Code   RO         4840    i.__mathlib_dbl_infnan  m_wm.l(dunder.o)
    0x08004c1c   0x00000014   Code   RO         4841    i.__mathlib_dbl_infnan2  m_wm.l(dunder.o)
    0x08004c30   0x00000020   Code   RO         4842    i.__mathlib_dbl_invalid  m_wm.l(dunder.o)
    0x08004c50   0x00000020   Code   RO         4845    i.__mathlib_dbl_underflow  m_wm.l(dunder.o)
    0x08004c70   0x0000000e   Code   RO         4923    i.__scatterload_copy  mc_w.l(handlers.o)
    0x08004c7e   0x00000002   Code   RO         4924    i.__scatterload_null  mc_w.l(handlers.o)
    0x08004c80   0x0000000e   Code   RO         4925    i.__scatterload_zeroinit  mc_w.l(handlers.o)
    0x08004c8e   0x00000002   PAD
    0x08004c90   0x0000000c   Code   RO         4901    i.__set_errno       mc_w.l(errno.o)
    0x08004c9c   0x00000164   Code   RO         4790    i._fp_digits        mc_w.l(printfa.o)
    0x08004e00   0x000006dc   Code   RO         4791    i._printf_core      mc_w.l(printfa.o)
    0x080054dc   0x00000024   Code   RO         4792    i._printf_post_padding  mc_w.l(printfa.o)
    0x08005500   0x0000002e   Code   RO         4793    i._printf_pre_padding  mc_w.l(printfa.o)
    0x0800552e   0x00000002   PAD
    0x08005530   0x00000090   Code   RO         3970    i.accel_self_test   inv_mpu.o
    0x080055c0   0x00000010   Code   RO         4827    i.atan              m_wm.l(atan.o)
    0x080055d0   0x0000033c   Code   RO           19    i.calc_motor_rotate_speed  main.o
    0x0800590c   0x00000028   Code   RO           20    i.distance_judge    main.o
    0x08005934   0x0000003a   Code   RO         4331    i.dmp_enable_6x_lp_quat  inv_mpu_dmp_motion_driver.o
    0x0800596e   0x00000002   PAD
    0x08005970   0x000001d8   Code   RO         4332    i.dmp_enable_feature  inv_mpu_dmp_motion_driver.o
    0x08005b48   0x0000003c   Code   RO         4333    i.dmp_enable_gyro_cal  inv_mpu_dmp_motion_driver.o
    0x08005b84   0x0000003a   Code   RO         4334    i.dmp_enable_lp_quat  inv_mpu_dmp_motion_driver.o
    0x08005bbe   0x00000002   PAD
    0x08005bc0   0x00000014   Code   RO         4339    i.dmp_load_motion_driver_firmware  inv_mpu_dmp_motion_driver.o
    0x08005bd4   0x00000148   Code   RO         4340    i.dmp_read_fifo     inv_mpu_dmp_motion_driver.o
    0x08005d1c   0x000000d8   Code   RO         4343    i.dmp_set_accel_bias  inv_mpu_dmp_motion_driver.o
    0x08005df4   0x00000064   Code   RO         4344    i.dmp_set_fifo_rate  inv_mpu_dmp_motion_driver.o
    0x08005e58   0x000000cc   Code   RO         4345    i.dmp_set_gyro_bias  inv_mpu_dmp_motion_driver.o
    0x08005f24   0x0000010c   Code   RO         4347    i.dmp_set_orientation  inv_mpu_dmp_motion_driver.o
    0x08006030   0x00000030   Code   RO         4350    i.dmp_set_shake_reject_thresh  inv_mpu_dmp_motion_driver.o
    0x08006060   0x00000020   Code   RO         4351    i.dmp_set_shake_reject_time  inv_mpu_dmp_motion_driver.o
    0x08006080   0x00000020   Code   RO         4352    i.dmp_set_shake_reject_timeout  inv_mpu_dmp_motion_driver.o
    0x080060a0   0x00000040   Code   RO         4353    i.dmp_set_tap_axes  inv_mpu_dmp_motion_driver.o
    0x080060e0   0x00000022   Code   RO         4354    i.dmp_set_tap_count  inv_mpu_dmp_motion_driver.o
    0x08006102   0x00000002   PAD
    0x08006104   0x00000160   Code   RO         4355    i.dmp_set_tap_thresh  inv_mpu_dmp_motion_driver.o
    0x08006264   0x00000020   Code   RO         4356    i.dmp_set_tap_time  inv_mpu_dmp_motion_driver.o
    0x08006284   0x00000020   Code   RO         4357    i.dmp_set_tap_time_multi  inv_mpu_dmp_motion_driver.o
    0x080062a4   0x00000018   Code   RO         4855    i.fabs              m_wm.l(fabs.o)
    0x080062bc   0x00000014   Code   RO          471    i.fputc             usart.o
    0x080062d0   0x00000028   Code   RO           21    i.gases_start_signal  main.o
    0x080062f8   0x000000b4   Code   RO         3971    i.get_accel_prod_shift  inv_mpu.o
    0x080063ac   0x00000314   Code   RO         3972    i.get_st_biases     inv_mpu.o
    0x080066c0   0x000000d4   Code   RO         3973    i.gyro_self_test    inv_mpu.o
    0x08006794   0x00000022   Code   RO         3974    i.inv_orientation_matrix_to_scalar  inv_mpu.o
    0x080067b6   0x00000048   Code   RO         3975    i.inv_row_2_scale   inv_mpu.o
    0x080067fe   0x00000002   PAD
    0x08006800   0x000001c4   Code   RO           22    i.main              main.o
    0x080069c4   0x00000002   Code   RO         3976    i.mget_ms           inv_mpu.o
    0x080069c6   0x00000002   PAD
    0x080069c8   0x00000054   Code   RO         3977    i.mpu_configure_fifo  inv_mpu.o
    0x08006a1c   0x00000178   Code   RO         3978    i.mpu_dmp_get_data  inv_mpu.o
    0x08006b94   0x000000b4   Code   RO         3979    i.mpu_dmp_init      inv_mpu.o
    0x08006c48   0x0000003c   Code   RO         3980    i.mpu_get_accel_fsr  inv_mpu.o
    0x08006c84   0x00000044   Code   RO         3982    i.mpu_get_accel_sens  inv_mpu.o
    0x08006cc8   0x00000034   Code   RO         3988    i.mpu_get_gyro_fsr  inv_mpu.o
    0x08006cfc   0x0000004c   Code   RO         3990    i.mpu_get_gyro_sens  inv_mpu.o
    0x08006d48   0x00000038   Code   RO         3992    i.mpu_get_lpf       inv_mpu.o
    0x08006d80   0x0000001c   Code   RO         3994    i.mpu_get_sample_rate  inv_mpu.o
    0x08006d9c   0x00000188   Code   RO         3996    i.mpu_init          inv_mpu.o
    0x08006f24   0x000000a0   Code   RO         3997    i.mpu_load_firmware  inv_mpu.o
    0x08006fc4   0x000000b8   Code   RO         3998    i.mpu_lp_accel_mode  inv_mpu.o
    0x0800707c   0x00000090   Code   RO         4001    i.mpu_read_fifo_stream  inv_mpu.o
    0x0800710c   0x00000054   Code   RO         4002    i.mpu_read_mem      inv_mpu.o
    0x08007160   0x00000160   Code   RO         4005    i.mpu_reset_fifo    inv_mpu.o
    0x080072c0   0x000000f0   Code   RO         4006    i.mpu_run_self_test  inv_mpu.o
    0x080073b0   0x00000068   Code   RO         4008    i.mpu_set_accel_fsr  inv_mpu.o
    0x08007418   0x000000dc   Code   RO         4009    i.mpu_set_bypass    inv_mpu.o
    0x080074f4   0x00000078   Code   RO         4011    i.mpu_set_dmp_state  inv_mpu.o
    0x0800756c   0x0000006c   Code   RO         4012    i.mpu_set_gyro_fsr  inv_mpu.o
    0x080075d8   0x00000064   Code   RO         4013    i.mpu_set_int_latched  inv_mpu.o
    0x0800763c   0x0000006c   Code   RO         4015    i.mpu_set_lpf       inv_mpu.o
    0x080076a8   0x00000080   Code   RO         4016    i.mpu_set_sample_rate  inv_mpu.o
    0x08007728   0x000000b8   Code   RO         4017    i.mpu_set_sensors   inv_mpu.o
    0x080077e0   0x00000054   Code   RO         4018    i.mpu_write_mem     inv_mpu.o
    0x08007834   0x00000064   Code   RO           23    i.read_encoder      main.o
    0x08007898   0x00000088   Code   RO         4019    i.run_self_test     inv_mpu.o
    0x08007920   0x0000014c   Code   RO           24    i.sensor_control    main.o
    0x08007a6c   0x00000058   Code   RO         4020    i.set_int_enable    inv_mpu.o
    0x08007ac4   0x0000006e   Code   RO         4866    i.sqrt              m_wm.l(sqrt.o)
    0x08007b32   0x00000002   PAD
    0x08007b34   0x0000001c   Code   RO           27    i.tx_delay_ms       main.o
    0x08007b50   0x00000010   Data   RO         3581    .constdata          system_stm32f4xx.o
    0x08007b60   0x00000008   Data   RO         3582    .constdata          system_stm32f4xx.o
    0x08007b68   0x00001e10   Data   RO         3726    .constdata          oled.o
    0x08009978   0x0000001b   Data   RO         4022    .constdata          inv_mpu.o
    0x08009993   0x00000001   PAD
    0x08009994   0x0000000c   Data   RO         4023    .constdata          inv_mpu.o
    0x080099a0   0x00000028   Data   RO         4024    .constdata          inv_mpu.o
    0x080099c8   0x00000bf6   Data   RO         4359    .constdata          inv_mpu_dmp_motion_driver.o
    0x0800a5be   0x00000002   PAD
    0x0800a5c0   0x00000050   Data   RO         4516    .constdata          m_wm.l(asin.o)
    0x0800a610   0x00000098   Data   RO         4828    .constdata          m_wm.l(atan.o)
    0x0800a6a8   0x00000008   Data   RO         4863    .constdata          m_wm.l(qnan.o)
    0x0800a6b0   0x0000004d   Data   RO         4025    .conststring        inv_mpu.o
    0x0800a6fd   0x00000003   PAD
    0x0800a700   0x00000020   Data   RO         4921    Region$$Table       anon$$obj.o


    Execution Region RW_IRAM1 (Base: 0x20000000, Size: 0x00000d38, Max: 0x0001c000, ABSOLUTE)

    Base Addr    Size         Type   Attr      Idx    E Section Name        Object

    0x20000000   0x00000030   Data   RW           31    .data               main.o
    0x20000030   0x00000008   Data   RW          365    .data               tim.o
    0x20000038   0x0000000c   Data   RW         2018    .data               stm32f4xx_hal.o
    0x20000044   0x00000004   Data   RW         3583    .data               system_stm32f4xx.o
    0x20000048   0x00000035   Data   RW         4026    .data               inv_mpu.o
    0x2000007d   0x00000003   PAD
    0x20000080   0x00000004   Data   RW         4890    .data               mc_w.l(stdout.o)
    0x20000084   0x00000004   Data   RW         4902    .data               mc_w.l(errno.o)
    0x20000088   0x000000c0   Zero   RW           28    .bss                main.o
    0x20000148   0x00000054   Zero   RW          310    .bss                i2c.o
    0x2000019c   0x000001f8   Zero   RW          364    .bss                tim.o
    0x20000394   0x00000110   Zero   RW          472    .bss                usart.o
    0x200004a4   0x00000480   Zero   RW         3725    .bss                oled.o
    0x20000924   0x00000010   Zero   RW         4358    .bss                inv_mpu_dmp_motion_driver.o
    0x20000934   0x00000004   PAD
    0x20000938   0x00000400   Zero   RW            1    STACK               startup_stm32f407xx.o


    Execution Region RW_IRAM2 (Base: 0x2001c000, Size: 0x00000000, Max: 0x00004000, ABSOLUTE)

    **** No section assigned to this execution region ****


==============================================================================

Image component sizes


      Code (inc. data)   RO Data    RW Data    ZI Data      Debug   Object Name

       360         20          0          0          0       1211   gpio.o
       168         28          0          0         84       1717   i2c.o
      5348        330        156         53          0      32670   inv_mpu.o
      2410        134       3062          0         16      20042   inv_mpu_dmp_motion_driver.o
      2338        476          0         48        192     709521   main.o
       336         34          0          0          0       2184   motor.o
       172          8          0          0          0       5125   mpu6050.o
      1192         54       7696          0       1152       9959   oled.o
        68         16          0          0          0       1343   pwm_pid.o
        36          8        392          0       1024        856   startup_stm32f407xx.o
       180         28          0         12          0       9489   stm32f4xx_hal.o
       198         14          0          0          0      33699   stm32f4xx_hal_cortex.o
       182          0          0          0          0       2023   stm32f4xx_hal_dma.o
       516         46          0          0          0       2699   stm32f4xx_hal_gpio.o
      2174         52          0          0          0      11346   stm32f4xx_hal_i2c.o
        48          6          0          0          0        894   stm32f4xx_hal_msp.o
      1344         72          0          0          0       5132   stm32f4xx_hal_rcc.o
      3066        164          0          0          0      22211   stm32f4xx_hal_tim.o
       232         28          0          0          0       3261   stm32f4xx_hal_tim_ex.o
      1588         16          0          0          0       9767   stm32f4xx_hal_uart.o
       108         40          0          0          0       7306   stm32f4xx_it.o
        16          4         24          4          0       1187   system_stm32f4xx.o
      1600        162          0          8        504       9030   tim.o
       656         80          0          0        272       4535   usart.o

    ----------------------------------------------------------------------
     24374       1820      11368        128       3248     907207   Object Totals
         0          0         32          0          0          0   (incl. Generated)
        38          0          6          3          4          0   (incl. Padding)

    ----------------------------------------------------------------------

      Code (inc. data)   RO Data    RW Data    ZI Data      Debug   Library Member Name

       864         94         80          0          0        280   asin.o
       744        106        152          0          0        352   atan.o
       496         64          0          0          0        192   atan2.o
       104         16          0          0          0        496   dunder.o
        24          0          0          0          0        124   fabs.o
        48          0          0          0          0        124   fpclassify.o
       248          0          0          0          0        152   poly.o
         0          0          8          0          0          0   qnan.o
       110          0          0          0          0        148   sqrt.o
         0          0          0          0          0          0   entry.o
         0          0          0          0          0          0   entry10a.o
         0          0          0          0          0          0   entry11a.o
         8          4          0          0          0          0   entry2.o
         4          0          0          0          0          0   entry5.o
         0          0          0          0          0          0   entry7b.o
         0          0          0          0          0          0   entry8b.o
         8          4          0          0          0          0   entry9a.o
        12          6          0          4          0         68   errno.o
        30          0          0          0          0          0   handlers.o
        36          8          0          0          0         68   init.o
         0          0          0          0          0          0   iusefp.o
        98          0          0          0          0         84   ldiv.o
        30          0          0          0          0         68   llshl.o
        36          0          0          0          0         68   llsshr.o
        32          0          0          0          0         68   llushr.o
        26          0          0          0          0         80   memcmp.o
        36          0          0          0          0        108   memseta.o
      2226         90          0          0          0        444   printfa.o
         0          0          0          4          0          0   stdout.o
        44          0          0          0          0         80   uidiv.o
        98          0          0          0          0         92   uldiv.o
        48          0          0          0          0         68   cdrcmple.o
        56          0          0          0          0         88   d2f.o
       334          0          0          0          0        148   dadd.o
       222          0          0          0          0        100   ddiv.o
       186          0          0          0          0        176   depilogue.o
        48          0          0          0          0         68   dfixul.o
       228          0          0          0          0         96   dmul.o
       162          0          0          0          0        100   dsqrt.o
        38          0          0          0          0         68   f2d.o
       110          0          0          0          0        168   fepilogue.o

    ----------------------------------------------------------------------
      6802        392        240          8          0       4176   Library Totals
         8          0          0          0          0          0   (incl. Padding)

    ----------------------------------------------------------------------

      Code (inc. data)   RO Data    RW Data    ZI Data      Debug   Library Name

      2638        280        240          0          0       1868   m_wm.l
      2724        112          0          8          0       1228   mc_w.l
      1432          0          0          0          0       1080   mf_w.l

    ----------------------------------------------------------------------
      6802        392        240          8          0       4176   Library Totals

    ----------------------------------------------------------------------

==============================================================================


      Code (inc. data)   RO Data    RW Data    ZI Data      Debug   

     31176       2212      11608        136       3248     889943   Grand Totals
     31176       2212      11608        136       3248     889943   ELF Image Totals
     31176       2212      11608        136          0          0   ROM Totals

==============================================================================

    Total RO  Size (Code + RO Data)                42784 (  41.78kB)
    Total RW  Size (RW Data + ZI Data)              3384 (   3.30kB)
    Total ROM Size (Code + RO Data + RW Data)      42920 (  41.91kB)

==============================================================================

